// Jest Snapshot v1, https://goo.gl/fbAQLP

exports[`DropMenu initalises in the unopened state and displays the title 1`] = `
<div
  css={
    Object {
      "borderColor": "#999999",
      "borderTop": "0.0625rem solid #ececec",
      "padding": "0.1875rem 0 0.75rem",
      "position": "relative",
    }
  }
>
  <div
    css={
      Object {
        "&.open:after": Object {
          "transform": "rotate(225deg)",
        },
        ":after": Object {
          "border": "0.125rem solid currentColor",
          "borderLeft": "transparent",
          "borderTop": "transparent",
          "boxSizing": "content-box",
          "color": "inherit",
          "content": "''",
          "display": "inline-block",
          "height": "0.3125rem",
          "marginLeft": "0.25rem",
          "transform": "translateY(-0.125rem) rotate(45deg)",
          "transition": "transform 250ms ease-out",
          "verticalAlign": "middle",
          "width": "0.3125rem",
        },
        "color": "red",
        "fontFamily": "\\"GuardianTextEgyptian\\", Georgia, serif",
        "fontSize": "1.0625rem",
        "fontWeight": "bold",
        "lineHeight": "1.5rem",
        "textTransform": "capitalize",
      }
    }
    onClick={[Function]}
  >
    test component
  </div>
</div>
`;
