// Jest Snapshot v1, https://goo.gl/fbAQLP

exports[`Email and marketing tab The page renders correctly 1`] = `
Array [
  <div
    css={
      Object {
        "background": "#f6f6f6",
        "borderBottom": "1px solid #dcdcdc",
        "marginLeft": "auto",
        "marginRight": "auto",
        "paddingTop": "0.3125rem",
      }
    }
  >
    <div
      css={
        Object {
          "@media (min-width: 740px)": Object {
            "paddingLeft": "1.25rem",
            "paddingRight": "1.25rem",
          },
          "margin": "auto",
          "maxWidth": "980px",
          "paddingLeft": "0.625rem",
          "paddingRight": "0.625rem",
        }
      }
    >
      <h1
        css={
          Object {
            "fontFamily": "GH Guardian Headline, \\"GuardianTextEgyptian\\", Georgia, serif",
            "fontSize": "2rem",
            "lineHeight": "2.25rem",
            "marginBottom": "30px",
            "marginTop": "0",
          }
        }
      >
        Edit your profile
      </h1>
      <ul
        css={
          Object {
            "map": undefined,
            "name": "1oc9fqg",
            "next": undefined,
            "styles": "width:100%;position:relative;margin:0;padding:0;border-bottom:0;list-style-type:none;z-index:2;table-layout:fixed;grid-template-columns:repeat(auto-fit, minmax(40%, 1fr));display:grid;border-right:1px solid #dcdcdc;@media (min-width: 980px){grid-template-columns:repeat(auto-fit, minmax(7.5rem, 1fr));}",
          }
        }
        role="tablist"
      >
        <li
          css={
            Object {
              "@media (min-width: 740px)": Object {
                "minWidth": "155.5px",
              },
              "background": "0.0625rem solid #dcdcdc",
              "borderLeft": "1px solid #dcdcdc",
              "borderTop": "1px solid #dcdcdc",
              "display": "table-cell",
              "margin": 0,
              "width": "100%",
            }
          }
        >
          <a
            css={
              Object {
                "map": undefined,
                "name": "17lc5kn",
                "next": undefined,
                "styles": "font-size:1rem;font-weight:500;line-height:1.25rem;font-family:\\"GuardianTextEgyptian\\", Georgia, serif;display:block;box-sizing:border-box;min-height:36px;padding:4px 0 0 5px;letter-spacing:-0.02rem;text-align:left;text-decoration:none;overflow:hidden;white-space:nowrap;text-overflow:ellipsis;background:;color:inherit;@media (min-width: 980px){box-shadow:;}",
              }
            }
            href="https://profile.thegulocal.com/public/edit"
          >
            Public profile
          </a>
        </li>
        <li
          css={
            Object {
              "@media (min-width: 740px)": Object {
                "minWidth": "155.5px",
              },
              "background": "0.0625rem solid #dcdcdc",
              "borderLeft": "1px solid #dcdcdc",
              "borderTop": "1px solid #dcdcdc",
              "display": "table-cell",
              "margin": 0,
              "width": "100%",
            }
          }
        >
          <a
            css={
              Object {
                "map": undefined,
                "name": "17lc5kn",
                "next": undefined,
                "styles": "font-size:1rem;font-weight:500;line-height:1.25rem;font-family:\\"GuardianTextEgyptian\\", Georgia, serif;display:block;box-sizing:border-box;min-height:36px;padding:4px 0 0 5px;letter-spacing:-0.02rem;text-align:left;text-decoration:none;overflow:hidden;white-space:nowrap;text-overflow:ellipsis;background:;color:inherit;@media (min-width: 980px){box-shadow:;}",
              }
            }
            href="https://profile.thegulocal.com/account/edit"
          >
            Account details
          </a>
        </li>
        <li
          css={
            Object {
              "@media (min-width: 740px)": Object {
                "minWidth": "155.5px",
              },
              "background": "0.0625rem solid #dcdcdc",
              "borderLeft": "1px solid #dcdcdc",
              "borderTop": "1px solid #dcdcdc",
              "display": "table-cell",
              "margin": 0,
              "width": "100%",
            }
          }
        >
          <a
            css={
              Object {
                "map": undefined,
                "name": "17lc5kn",
                "next": undefined,
                "styles": "font-size:1rem;font-weight:500;line-height:1.25rem;font-family:\\"GuardianTextEgyptian\\", Georgia, serif;display:block;box-sizing:border-box;min-height:36px;padding:4px 0 0 5px;letter-spacing:-0.02rem;text-align:left;text-decoration:none;overflow:hidden;white-space:nowrap;text-overflow:ellipsis;background:;color:inherit;@media (min-width: 980px){box-shadow:;}",
              }
            }
            href="/membership"
            onClick={[Function]}
          >
            Membership
          </a>
        </li>
        <li
          css={
            Object {
              "@media (min-width: 740px)": Object {
                "minWidth": "155.5px",
              },
              "background": "0.0625rem solid #dcdcdc",
              "borderLeft": "1px solid #dcdcdc",
              "borderTop": "1px solid #dcdcdc",
              "display": "table-cell",
              "margin": 0,
              "width": "100%",
            }
          }
        >
          <a
            css={
              Object {
                "map": undefined,
                "name": "17lc5kn",
                "next": undefined,
                "styles": "font-size:1rem;font-weight:500;line-height:1.25rem;font-family:\\"GuardianTextEgyptian\\", Georgia, serif;display:block;box-sizing:border-box;min-height:36px;padding:4px 0 0 5px;letter-spacing:-0.02rem;text-align:left;text-decoration:none;overflow:hidden;white-space:nowrap;text-overflow:ellipsis;background:;color:inherit;@media (min-width: 980px){box-shadow:;}",
              }
            }
            href="/subscriptions"
            onClick={[Function]}
          >
            Subscriptions
          </a>
        </li>
        <li
          css={
            Object {
              "@media (min-width: 740px)": Object {
                "minWidth": "155.5px",
              },
              "background": "0.0625rem solid #dcdcdc",
              "borderLeft": "1px solid #dcdcdc",
              "borderTop": "1px solid #dcdcdc",
              "display": "table-cell",
              "margin": 0,
              "width": "100%",
            }
          }
        >
          <a
            css={
              Object {
                "map": undefined,
                "name": "17lc5kn",
                "next": undefined,
                "styles": "font-size:1rem;font-weight:500;line-height:1.25rem;font-family:\\"GuardianTextEgyptian\\", Georgia, serif;display:block;box-sizing:border-box;min-height:36px;padding:4px 0 0 5px;letter-spacing:-0.02rem;text-align:left;text-decoration:none;overflow:hidden;white-space:nowrap;text-overflow:ellipsis;background:;color:inherit;@media (min-width: 980px){box-shadow:;}",
              }
            }
            href="/contributions"
            onClick={[Function]}
          >
            Contributions
          </a>
        </li>
        <li
          css={
            Object {
              "@media (min-width: 740px)": Object {
                "minWidth": "155.5px",
              },
              "background": "0.0625rem solid #ffffff",
              "borderLeft": "1px solid #dcdcdc",
              "borderTop": "1px solid #dcdcdc",
              "display": "table-cell",
              "margin": 0,
              "width": "100%",
            }
          }
        >
          <a
            css={
              Object {
                "map": undefined,
                "name": "160sf8k",
                "next": undefined,
                "styles": "font-size:1rem;font-weight:500;line-height:1.25rem;font-family:\\"GuardianTextEgyptian\\", Georgia, serif;display:block;box-sizing:border-box;min-height:36px;padding:4px 0 0 5px;letter-spacing:-0.02rem;text-align:left;text-decoration:none;overflow:hidden;white-space:nowrap;text-overflow:ellipsis;background:#ffffff;color:inherit;@media (min-width: 980px){box-shadow:0 1px 0 white;}",
              }
            }
            href="/email-prefs"
            onClick={[Function]}
          >
            Emails & marketing
          </a>
        </li>
      </ul>
    </div>
  </div>,
  <div
    css={
      Object {
        "@media (min-width: 740px)": Object {
          "padding": "0 1.25rem",
        },
        "margin": "1.8125rem auto 0",
        "maxWidth": "980px",
        "padding": "0 0.625rem",
      }
    }
  >
    <p>
      Email editing
    </p>
  </div>,
]
`;
