// Jest Snapshot v1, https://goo.gl/fbAQLP

exports[`The ManageFrontend stack matches the snapshot 1`] = `
Object {
  "Metadata": Object {
    "gu:cdk:constructs": Array [
      "GuStringParameter",
      "GuStringParameter",
      "GuStringParameter",
      "GuAllowPolicy",
      "GuPutCloudwatchMetricsPolicy",
      "GuGetS3ObjectsPolicy",
      "GuGetS3ObjectsPolicy",
      "GuGetS3ObjectsPolicy",
      "GuAllowPolicy",
      "GuAllowPolicy",
      "GuAllowPolicy",
      "GuVpcParameter",
      "GuSubnetListParameter",
      "GuSubnetListParameter",
      "GuEc2App",
      "GuCertificate",
      "GuInstanceRole",
      "GuDescribeEC2Policy",
      "GuLoggingStreamNameParameter",
      "GuLogShippingPolicy",
      "GuDistributionBucketParameter",
      "GuGetDistributablePolicy",
      "GuParameterStoreReadPolicy",
      "GuAmiParameter",
      "GuHttpsEgressSecurityGroup",
      "GuWazuhAccess",
      "GuAutoScalingGroup",
      "GuApplicationLoadBalancer",
      "GuApplicationTargetGroup",
      "GuHttpsApplicationListener",
    ],
    "gu:cdk:version": "TEST",
  },
  "Outputs": Object {
    "LoadBalancerManagefrontendDnsName": Object {
      "Description": "DNS entry for LoadBalancerManagefrontend",
      "Value": Object {
        "Fn::GetAtt": Array [
          "LoadBalancerManagefrontend184BCE6C",
          "DNSName",
        ],
      },
    },
  },
  "Parameters": Object {
    "AMIManagefrontend": Object {
      "Description": "Amazon Machine Image ID for the app manage-frontend. Use this in conjunction with AMIgo to keep AMIs up to date.",
      "Type": "AWS::EC2::Image::Id",
    },
    "DistributionBucketName": Object {
      "Default": "/account/services/artifact.bucket",
      "Description": "SSM parameter containing the S3 bucket name holding distribution artifacts",
      "Type": "AWS::SSM::Parameter::Value<String>",
    },
    "LoggingStreamName": Object {
      "Default": "/account/services/logging.stream.name",
      "Description": "SSM parameter containing the Name (not ARN) on the kinesis stream",
      "Type": "AWS::SSM::Parameter::Value<String>",
    },
    "VpcId": Object {
      "Default": "/account/vpc/primary/id",
      "Description": "Virtual Private Cloud to run EC2 instances within. Should NOT be the account default VPC.",
      "Type": "AWS::SSM::Parameter::Value<AWS::EC2::VPC::Id>",
    },
    "clientRavenDSN": Object {
      "Default": "/PROD/support/manage-frontend/clientRavenDSN",
      "Description": "the DSN to use with Sentry on the client",
      "Type": "AWS::SSM::Parameter::Value<String>",
    },
    "hostedZoneId": Object {
      "Default": "/account/route53/membership/hostedZoneId",
      "Type": "AWS::SSM::Parameter::Value<String>",
    },
    "managefrontendPrivateSubnets": Object {
      "Default": "/account/vpc/primary/subnets/private",
      "Description": "A list of private subnets",
      "Type": "AWS::SSM::Parameter::Value<List<AWS::EC2::Subnet::Id>>",
    },
    "managefrontendPublicSubnets": Object {
      "Default": "/account/vpc/primary/subnets/public",
      "Description": "A list of public subnets",
      "Type": "AWS::SSM::Parameter::Value<List<AWS::EC2::Subnet::Id>>",
    },
    "serverRavenDSN": Object {
      "Default": "/PROD/support/manage-frontend/serverRavenDSN",
      "Description": "the DSN to use with Sentry on the server",
      "Type": "AWS::SSM::Parameter::Value<String>",
    },
  },
  "Resources": Object {
    "AliasRecord": Object {
      "Properties": Object {
        "AliasTarget": Object {
          "DNSName": Object {
            "Fn::GetAtt": Array [
              "LoadBalancerManagefrontend184BCE6C",
              "DNSName",
            ],
          },
          "HostedZoneId": Object {
            "Fn::GetAtt": Array [
              "LoadBalancerManagefrontend184BCE6C",
              "CanonicalHostedZoneID",
            ],
          },
        },
        "HostedZoneId": Object {
          "Ref": "hostedZoneId",
        },
        "Name": "manage.theguardian.com.origin.membership.guardianapis.com",
        "Type": "A",
      },
      "Type": "AWS::Route53::RecordSet",
    },
    "AutoScalingGroupManagefrontendASGD7F4CC81": Object {
      "Properties": Object {
        "HealthCheckGracePeriod": 120,
        "HealthCheckType": "ELB",
        "LaunchTemplate": Object {
          "LaunchTemplateId": Object {
            "Ref": "supportPRODmanagefrontend8911518E",
          },
          "Version": Object {
            "Fn::GetAtt": Array [
              "supportPRODmanagefrontend8911518E",
              "LatestVersionNumber",
            ],
          },
        },
        "MaxSize": "6",
        "MinSize": "3",
        "Tags": Array [
          Object {
            "Key": "App",
            "PropagateAtLaunch": true,
            "Value": "manage-frontend",
          },
          Object {
            "Key": "gu:cdk:version",
            "PropagateAtLaunch": true,
            "Value": "TEST",
          },
          Object {
            "Key": "gu:repo",
            "PropagateAtLaunch": true,
            "Value": "guardian/manage-frontend",
          },
          Object {
            "Key": "LogKinesisStreamName",
            "PropagateAtLaunch": true,
            "Value": Object {
              "Ref": "LoggingStreamName",
            },
          },
          Object {
            "Key": "Stack",
            "PropagateAtLaunch": true,
            "Value": "support",
          },
          Object {
            "Key": "Stage",
            "PropagateAtLaunch": true,
            "Value": "PROD",
          },
        ],
        "TargetGroupARNs": Array [
          Object {
            "Ref": "TargetGroupManagefrontend7AE2B787",
          },
        ],
        "VPCZoneIdentifier": Object {
          "Ref": "managefrontendPrivateSubnets",
        },
      },
      "Type": "AWS::AutoScaling::AutoScalingGroup",
    },
    "CertificateManagefrontend6C431D69": Object {
      "DeletionPolicy": "Retain",
      "Properties": Object {
        "DomainName": "manage.theguardian.com.origin.membership.guardianapis.com",
        "DomainValidationOptions": Array [
          Object {
            "DomainName": "manage.theguardian.com.origin.membership.guardianapis.com",
            "HostedZoneId": "Z1E4V12LQGXFEC",
          },
        ],
        "Tags": Array [
          Object {
            "Key": "App",
            "Value": "manage-frontend",
          },
          Object {
            "Key": "gu:cdk:version",
            "Value": "TEST",
          },
          Object {
            "Key": "gu:repo",
            "Value": "guardian/manage-frontend",
          },
          Object {
            "Key": "Name",
            "Value": "ManageFrontend/CertificateManagefrontend",
          },
          Object {
            "Key": "Stack",
            "Value": "support",
          },
          Object {
            "Key": "Stage",
            "Value": "PROD",
          },
        ],
        "ValidationMethod": "DNS",
      },
      "Type": "AWS::CertificateManager::Certificate",
      "UpdateReplacePolicy": "Retain",
    },
    "CriticalPathsCloudWatchDashboard": Object {
      "Properties": Object {
        "DashboardBody": "{
  \\"widgets\\": [
    {
      \\"type\\": \\"metric\\",
      \\"x\\": 12,
      \\"y\\": 12,
      \\"width\\": 12,
      \\"height\\": 3,
      \\"properties\\": {
        \\"metrics\\": [
          [
            {
              \\"expression\\": \\"s1 + s2 + s3\\",
              \\"label\\": \\"SUCCESS\\",
              \\"id\\": \\"success\\",
              \\"color\\": \\"#2ca02c\\"
            }
          ],
          [
            {
              \\"expression\\": \\"e1 + e2 + e3\\",
              \\"label\\": \\"ERROR\\",
              \\"id\\": \\"error\\",
              \\"color\\": \\"#ff7f0e\\"
            }
          ],
          [
            \\"manage-frontend\\",
            \\"MDA_UPDATE_CONTRIBUTIONS_AMOUNT\\",
            \\"variant\\",
            \\"LEGACY\\",
            \\"Stage\\",
            \\"PROD\\",
            \\"outcome\\",
            \\"SUCCESS\\",
            { \\"id\\": \\"s1\\", \\"visible\\": false, \\"color\\": \\"#98df8a\\" }
          ],
          [
            \\"...\\",
            \\"ACCOUNT OVERVIEW\\",
            \\".\\",
            \\".\\",
            \\".\\",
            \\".\\",
            { \\"id\\": \\"s2\\", \\"visible\\": false, \\"color\\": \\"#98df8a\\" }
          ],
          [
            \\".\\",
            \\".\\",
            \\"Stage\\",
            \\"PROD\\",
            \\"outcome\\",
            \\"SUCCESS\\",
            {
              \\"label\\": \\"SUCCESS FINAL\\",
              \\"color\\": \\"#98df8a\\",
              \\"id\\": \\"s3\\",
              \\"visible\\": false
            }
          ],
          [
            \\".\\",
            \\".\\",
            \\"variant\\",
            \\"LEGACY\\",
            \\"Stage\\",
            \\"PROD\\",
            \\"outcome\\",
            \\"ERROR\\",
            { \\"id\\": \\"e1\\", \\"visible\\": false, \\"color\\": \\"#ffbb78\\" }
          ],
          [
            \\"...\\",
            \\"ACCOUNT OVERVIEW\\",
            \\".\\",
            \\".\\",
            \\".\\",
            \\".\\",
            { \\"id\\": \\"e2\\", \\"visible\\": false, \\"color\\": \\"#ffbb78\\" }
          ],
          [
            \\".\\",
            \\".\\",
            \\"Stage\\",
            \\"PROD\\",
            \\"outcome\\",
            \\"ERROR\\",
            {
              \\"label\\": \\"ERROR FINAL\\",
              \\"color\\": \\"#ffbb78\\",
              \\"yAxis\\": \\"left\\",
              \\"id\\": \\"e3\\",
              \\"visible\\": false
            }
          ]
        ],
        \\"view\\": \\"timeSeries\\",
        \\"stacked\\": false,
        \\"region\\": \\"eu-west-1\\",
        \\"stat\\": \\"Sum\\",
        \\"period\\": 3600,
        \\"title\\": \\"MDA_UPDATE_CONTRIBUTIONS_AMOUNT (per hour)\\",
        \\"yAxis\\": {
          \\"left\\": {
            \\"min\\": 0
          }
        },
        \\"legend\\": {
          \\"position\\": \\"right\\"
        },
        \\"annotations\\": {
          \\"vertical\\": [
            {
              \\"label\\": \\"50% ACCOUNT OVERVIEW\\",
              \\"value\\": \\"2020-05-26T10:17:00.000Z\\"
            },
            {
              \\"color\\": \\"#d62728\\",
              \\"label\\": \\"100% ACCOUNT OVERVIEW\\",
              \\"value\\": \\"2020-06-05T09:57:00.000Z\\"
            }
          ]
        }
      }
    },
    {
      \\"type\\": \\"metric\\",
      \\"x\\": 0,
      \\"y\\": 12,
      \\"width\\": 12,
      \\"height\\": 3,
      \\"properties\\": {
        \\"metrics\\": [
          [
            {
              \\"expression\\": \\"s1 + s2 + s3\\",
              \\"label\\": \\"SUCCESS\\",
              \\"id\\": \\"success\\",
              \\"color\\": \\"#2ca02c\\"
            }
          ],
          [
            {
              \\"expression\\": \\"e1 + e2 + e3\\",
              \\"label\\": \\"ERROR\\",
              \\"id\\": \\"error\\",
              \\"color\\": \\"#ff7f0e\\"
            }
          ],
          [
            \\"manage-frontend\\",
            \\"PAPI_VALIDATE_DIRECT_DEBIT\\",
            \\"variant\\",
            \\"LEGACY\\",
            \\"Stage\\",
            \\"PROD\\",
            \\"outcome\\",
            \\"SUCCESS\\",
            { \\"id\\": \\"s1\\", \\"visible\\": false, \\"color\\": \\"#98df8a\\" }
          ],
          [
            \\"...\\",
            \\"ACCOUNT OVERVIEW\\",
            \\".\\",
            \\".\\",
            \\".\\",
            \\".\\",
            { \\"id\\": \\"s2\\", \\"visible\\": false, \\"color\\": \\"#98df8a\\" }
          ],
          [
            \\".\\",
            \\".\\",
            \\"Stage\\",
            \\"PROD\\",
            \\"outcome\\",
            \\"SUCCESS\\",
            {
              \\"label\\": \\"SUCCESS FINAL\\",
              \\"color\\": \\"#98df8a\\",
              \\"id\\": \\"s3\\",
              \\"visible\\": false
            }
          ],
          [
            \\".\\",
            \\".\\",
            \\"variant\\",
            \\"LEGACY\\",
            \\"Stage\\",
            \\"PROD\\",
            \\"outcome\\",
            \\"ERROR\\",
            { \\"id\\": \\"e1\\", \\"visible\\": false, \\"color\\": \\"#ffbb78\\" }
          ],
          [
            \\"...\\",
            \\"ACCOUNT OVERVIEW\\",
            \\".\\",
            \\".\\",
            \\".\\",
            \\".\\",
            { \\"id\\": \\"e2\\", \\"visible\\": false, \\"color\\": \\"#ffbb78\\" }
          ],
          [
            \\".\\",
            \\".\\",
            \\"Stage\\",
            \\"PROD\\",
            \\"outcome\\",
            \\"ERROR\\",
            {
              \\"label\\": \\"ERROR FINAL\\",
              \\"color\\": \\"#ffbb78\\",
              \\"yAxis\\": \\"left\\",
              \\"id\\": \\"e3\\",
              \\"visible\\": false
            }
          ]
        ],
        \\"view\\": \\"timeSeries\\",
        \\"stacked\\": false,
        \\"region\\": \\"eu-west-1\\",
        \\"stat\\": \\"Sum\\",
        \\"period\\": 3600,
        \\"title\\": \\"PAPI_VALIDATE_DIRECT_DEBIT (per hour)\\",
        \\"yAxis\\": {
          \\"left\\": {
            \\"min\\": 0
          }
        },
        \\"legend\\": {
          \\"position\\": \\"right\\"
        },
        \\"annotations\\": {
          \\"vertical\\": [
            {
              \\"label\\": \\"50% ACCOUNT OVERVIEW\\",
              \\"value\\": \\"2020-05-26T10:17:00.000Z\\"
            },
            {
              \\"color\\": \\"#d62728\\",
              \\"label\\": \\"100% ACCOUNT OVERVIEW\\",
              \\"value\\": \\"2020-06-05T09:57:00.000Z\\"
            }
          ]
        }
      }
    },
    {
      \\"type\\": \\"metric\\",
      \\"x\\": 0,
      \\"y\\": 6,
      \\"width\\": 12,
      \\"height\\": 3,
      \\"properties\\": {
        \\"metrics\\": [
          [
            {
              \\"expression\\": \\"e1 + e2 + e3\\",
              \\"label\\": \\"ERROR    \\",
              \\"id\\": \\"error\\",
              \\"color\\": \\"#ff7f0e\\"
            }
          ],
          [
            \\"manage-frontend\\",
            \\"RECAPTURE_FAILURE\\",
            \\"variant\\",
            \\"LEGACY\\",
            \\"Stage\\",
            \\"PROD\\",
            \\"outcome\\",
            \\"ERROR\\",
            { \\"id\\": \\"e1\\", \\"visible\\": false, \\"color\\": \\"#ffbb78\\" }
          ],
          [
            \\"...\\",
            \\"ACCOUNT OVERVIEW\\",
            \\".\\",
            \\".\\",
            \\".\\",
            \\".\\",
            { \\"id\\": \\"e2\\", \\"visible\\": false, \\"color\\": \\"#ffbb78\\" }
          ],
          [
            \\".\\",
            \\".\\",
            \\"Stage\\",
            \\"PROD\\",
            \\"outcome\\",
            \\"ERROR\\",
            {
              \\"label\\": \\"ERROR FINAL\\",
              \\"color\\": \\"#ffbb78\\",
              \\"yAxis\\": \\"left\\",
              \\"id\\": \\"e3\\",
              \\"visible\\": false
            }
          ]
        ],
        \\"view\\": \\"timeSeries\\",
        \\"stacked\\": false,
        \\"region\\": \\"eu-west-1\\",
        \\"stat\\": \\"Sum\\",
        \\"period\\": 3600,
        \\"title\\": \\"RECAPTURE_FAILURE (per hour)\\",
        \\"yAxis\\": {
          \\"left\\": {
            \\"min\\": 0
          }
        },
        \\"legend\\": {
          \\"position\\": \\"right\\"
        },
        \\"annotations\\": {
          \\"vertical\\": [
            {
              \\"label\\": \\"50% ACCOUNT OVERVIEW\\",
              \\"value\\": \\"2020-05-26T10:17:00.000Z\\"
            },
            {
              \\"color\\": \\"#d62728\\",
              \\"label\\": \\"100% ACCOUNT OVERVIEW\\",
              \\"value\\": \\"2020-06-05T09:57:00.000Z\\"
            }
          ]
        }
      }
    },
    {
      \\"type\\": \\"metric\\",
      \\"x\\": 12,
      \\"y\\": 0,
      \\"width\\": 12,
      \\"height\\": 3,
      \\"properties\\": {
        \\"metrics\\": [
          [
            {
              \\"expression\\": \\"s1 + s2 + s3\\",
              \\"label\\": \\"SUCCESS\\",
              \\"id\\": \\"success\\",
              \\"color\\": \\"#2ca02c\\"
            }
          ],
          [
            {
              \\"expression\\": \\"e1 + e2 + e3\\",
              \\"label\\": \\"ERROR\\",
              \\"id\\": \\"error\\",
              \\"color\\": \\"#ff7f0e\\"
            }
          ],
          [
            \\"manage-frontend\\",
            \\"MDA_CANCEL\\",
            \\"variant\\",
            \\"LEGACY\\",
            \\"Stage\\",
            \\"PROD\\",
            \\"outcome\\",
            \\"SUCCESS\\",
            { \\"id\\": \\"s1\\", \\"visible\\": false, \\"color\\": \\"#98df8a\\" }
          ],
          [
            \\"...\\",
            \\"ACCOUNT OVERVIEW\\",
            \\".\\",
            \\".\\",
            \\".\\",
            \\".\\",
            { \\"id\\": \\"s2\\", \\"visible\\": false, \\"color\\": \\"#98df8a\\" }
          ],
          [
            \\".\\",
            \\".\\",
            \\"Stage\\",
            \\"PROD\\",
            \\"outcome\\",
            \\"SUCCESS\\",
            {
              \\"label\\": \\"SUCCESS FINAL\\",
              \\"color\\": \\"#98df8a\\",
              \\"id\\": \\"s3\\",
              \\"visible\\": false
            }
          ],
          [
            \\".\\",
            \\".\\",
            \\"variant\\",
            \\"LEGACY\\",
            \\"Stage\\",
            \\"PROD\\",
            \\"outcome\\",
            \\"ERROR\\",
            { \\"id\\": \\"e1\\", \\"visible\\": false, \\"color\\": \\"#ffbb78\\" }
          ],
          [
            \\"...\\",
            \\"ACCOUNT OVERVIEW\\",
            \\".\\",
            \\".\\",
            \\".\\",
            \\".\\",
            { \\"id\\": \\"e2\\", \\"visible\\": false, \\"color\\": \\"#ffbb78\\" }
          ],
          [
            \\".\\",
            \\".\\",
            \\"Stage\\",
            \\"PROD\\",
            \\"outcome\\",
            \\"ERROR\\",
            {
              \\"label\\": \\"ERROR FINAL\\",
              \\"color\\": \\"#ffbb78\\",
              \\"yAxis\\": \\"left\\",
              \\"id\\": \\"e3\\",
              \\"visible\\": false
            }
          ]
        ],
        \\"view\\": \\"timeSeries\\",
        \\"stacked\\": false,
        \\"region\\": \\"eu-west-1\\",
        \\"stat\\": \\"Sum\\",
        \\"period\\": 3600,
        \\"title\\": \\"MDA_CANCEL (per hour)\\",
        \\"yAxis\\": {
          \\"left\\": {
            \\"min\\": 0
          }
        },
        \\"legend\\": {
          \\"position\\": \\"right\\"
        },
        \\"annotations\\": {
          \\"vertical\\": [
            {
              \\"label\\": \\"50% ACCOUNT OVERVIEW\\",
              \\"value\\": \\"2020-05-26T10:17:00.000Z\\"
            },
            {
              \\"color\\": \\"#d62728\\",
              \\"label\\": \\"100% ACCOUNT OVERVIEW\\",
              \\"value\\": \\"2020-06-05T09:57:00.000Z\\"
            }
          ]
        }
      }
    },
    {
      \\"type\\": \\"metric\\",
      \\"x\\": 12,
      \\"y\\": 3,
      \\"width\\": 12,
      \\"height\\": 3,
      \\"properties\\": {
        \\"metrics\\": [
          [
            {
              \\"expression\\": \\"s1 + s2 + s3\\",
              \\"label\\": \\"SUCCESS\\",
              \\"id\\": \\"success\\",
              \\"color\\": \\"#2ca02c\\"
            }
          ],
          [
            {
              \\"expression\\": \\"e1 + e2 + e3\\",
              \\"label\\": \\"ERROR\\",
              \\"id\\": \\"error\\",
              \\"color\\": \\"#ff7f0e\\"
            }
          ],
          [
            \\"manage-frontend\\",
            \\"HOLIDAY_STOP_CREATE\\",
            \\"variant\\",
            \\"LEGACY\\",
            \\"Stage\\",
            \\"PROD\\",
            \\"outcome\\",
            \\"SUCCESS\\",
            { \\"id\\": \\"s1\\", \\"visible\\": false, \\"color\\": \\"#98df8a\\" }
          ],
          [
            \\"...\\",
            \\"ACCOUNT OVERVIEW\\",
            \\".\\",
            \\".\\",
            \\".\\",
            \\".\\",
            { \\"id\\": \\"s2\\", \\"visible\\": false, \\"color\\": \\"#98df8a\\" }
          ],
          [
            \\".\\",
            \\".\\",
            \\"Stage\\",
            \\"PROD\\",
            \\"outcome\\",
            \\"SUCCESS\\",
            {
              \\"label\\": \\"SUCCESS FINAL\\",
              \\"color\\": \\"#98df8a\\",
              \\"id\\": \\"s3\\",
              \\"visible\\": false
            }
          ],
          [
            \\".\\",
            \\".\\",
            \\"variant\\",
            \\"LEGACY\\",
            \\"Stage\\",
            \\"PROD\\",
            \\"outcome\\",
            \\"ERROR\\",
            { \\"id\\": \\"e1\\", \\"visible\\": false, \\"color\\": \\"#ffbb78\\" }
          ],
          [
            \\"...\\",
            \\"ACCOUNT OVERVIEW\\",
            \\".\\",
            \\".\\",
            \\".\\",
            \\".\\",
            { \\"id\\": \\"e2\\", \\"visible\\": false, \\"color\\": \\"#ffbb78\\" }
          ],
          [
            \\".\\",
            \\".\\",
            \\"Stage\\",
            \\"PROD\\",
            \\"outcome\\",
            \\"ERROR\\",
            {
              \\"label\\": \\"ERROR FINAL\\",
              \\"color\\": \\"#ffbb78\\",
              \\"yAxis\\": \\"left\\",
              \\"id\\": \\"e3\\",
              \\"visible\\": false
            }
          ]
        ],
        \\"view\\": \\"timeSeries\\",
        \\"stacked\\": false,
        \\"region\\": \\"eu-west-1\\",
        \\"stat\\": \\"Sum\\",
        \\"period\\": 3600,
        \\"title\\": \\"HOLIDAY_STOP_CREATE (per hour)\\",
        \\"yAxis\\": {
          \\"left\\": {
            \\"min\\": 0
          }
        },
        \\"legend\\": {
          \\"position\\": \\"right\\"
        },
        \\"annotations\\": {
          \\"vertical\\": [
            {
              \\"label\\": \\"50% ACCOUNT OVERVIEW\\",
              \\"value\\": \\"2020-05-26T10:17:00.000Z\\"
            },
            {
              \\"color\\": \\"#d62728\\",
              \\"label\\": \\"100% ACCOUNT OVERVIEW\\",
              \\"value\\": \\"2020-06-05T09:57:00.000Z\\"
            }
          ]
        }
      }
    },
    {
      \\"type\\": \\"metric\\",
      \\"x\\": 12,
      \\"y\\": 6,
      \\"width\\": 12,
      \\"height\\": 3,
      \\"properties\\": {
        \\"metrics\\": [
          [
            {
              \\"expression\\": \\"s1 + s2 + s3\\",
              \\"label\\": \\"SUCCESS\\",
              \\"id\\": \\"success\\",
              \\"color\\": \\"#2ca02c\\"
            }
          ],
          [
            {
              \\"expression\\": \\"e1 + e2 + e3\\",
              \\"label\\": \\"ERROR\\",
              \\"id\\": \\"error\\",
              \\"color\\": \\"#ff7f0e\\"
            }
          ],
          [
            \\"manage-frontend\\",
            \\"DELIVERY_PROBLEM_CREATE\\",
            \\"variant\\",
            \\"LEGACY\\",
            \\"Stage\\",
            \\"PROD\\",
            \\"outcome\\",
            \\"SUCCESS\\",
            { \\"id\\": \\"s1\\", \\"visible\\": false, \\"color\\": \\"#98df8a\\" }
          ],
          [
            \\"...\\",
            \\"ACCOUNT OVERVIEW\\",
            \\".\\",
            \\".\\",
            \\".\\",
            \\".\\",
            { \\"id\\": \\"s2\\", \\"visible\\": false, \\"color\\": \\"#98df8a\\" }
          ],
          [
            \\".\\",
            \\".\\",
            \\"Stage\\",
            \\"PROD\\",
            \\"outcome\\",
            \\"SUCCESS\\",
            {
              \\"label\\": \\"SUCCESS FINAL\\",
              \\"color\\": \\"#98df8a\\",
              \\"id\\": \\"s3\\",
              \\"visible\\": false
            }
          ],
          [
            \\".\\",
            \\".\\",
            \\"variant\\",
            \\"LEGACY\\",
            \\"Stage\\",
            \\"PROD\\",
            \\"outcome\\",
            \\"ERROR\\",
            { \\"id\\": \\"e1\\", \\"visible\\": false, \\"color\\": \\"#ffbb78\\" }
          ],
          [
            \\"...\\",
            \\"ACCOUNT OVERVIEW\\",
            \\".\\",
            \\".\\",
            \\".\\",
            \\".\\",
            { \\"id\\": \\"e2\\", \\"visible\\": false, \\"color\\": \\"#ffbb78\\" }
          ],
          [
            \\".\\",
            \\".\\",
            \\"Stage\\",
            \\"PROD\\",
            \\"outcome\\",
            \\"ERROR\\",
            {
              \\"label\\": \\"ERROR FINAL\\",
              \\"color\\": \\"#ffbb78\\",
              \\"yAxis\\": \\"left\\",
              \\"id\\": \\"e3\\",
              \\"visible\\": false
            }
          ]
        ],
        \\"view\\": \\"timeSeries\\",
        \\"stacked\\": false,
        \\"region\\": \\"eu-west-1\\",
        \\"stat\\": \\"Sum\\",
        \\"period\\": 3600,
        \\"title\\": \\"DELIVERY_PROBLEM_CREATE (per hour)\\",
        \\"yAxis\\": {
          \\"left\\": {
            \\"min\\": 0
          }
        },
        \\"legend\\": {
          \\"position\\": \\"right\\"
        },
        \\"annotations\\": {
          \\"vertical\\": [
            {
              \\"label\\": \\"50% ACCOUNT OVERVIEW\\",
              \\"value\\": \\"2020-05-26T10:17:00.000Z\\"
            },
            {
              \\"color\\": \\"#d62728\\",
              \\"label\\": \\"100% ACCOUNT OVERVIEW\\",
              \\"value\\": \\"2020-06-05T09:57:00.000Z\\"
            }
          ]
        }
      }
    },
    {
      \\"type\\": \\"metric\\",
      \\"x\\": 0,
      \\"y\\": 9,
      \\"width\\": 12,
      \\"height\\": 3,
      \\"properties\\": {
        \\"metrics\\": [
          [
            {
              \\"expression\\": \\"s1 + s2 + s3\\",
              \\"label\\": \\"SUCCESS\\",
              \\"id\\": \\"success\\",
              \\"color\\": \\"#2ca02c\\"
            }
          ],
          [
            {
              \\"expression\\": \\"e1 + e2 + e3\\",
              \\"label\\": \\"ERROR\\",
              \\"id\\": \\"error\\",
              \\"color\\": \\"#ff7f0e\\"
            }
          ],
          [
            \\"manage-frontend\\",
            \\"MDA_UPDATE_PAYMENT_DIRECT_DEBIT\\",
            \\"variant\\",
            \\"LEGACY\\",
            \\"Stage\\",
            \\"PROD\\",
            \\"outcome\\",
            \\"SUCCESS\\",
            { \\"id\\": \\"s1\\", \\"visible\\": false, \\"color\\": \\"#98df8a\\" }
          ],
          [
            \\"...\\",
            \\"ACCOUNT OVERVIEW\\",
            \\".\\",
            \\".\\",
            \\".\\",
            \\".\\",
            { \\"id\\": \\"s2\\", \\"visible\\": false, \\"color\\": \\"#98df8a\\" }
          ],
          [
            \\".\\",
            \\".\\",
            \\"Stage\\",
            \\"PROD\\",
            \\"outcome\\",
            \\"SUCCESS\\",
            {
              \\"label\\": \\"SUCCESS FINAL\\",
              \\"color\\": \\"#98df8a\\",
              \\"id\\": \\"s3\\",
              \\"visible\\": false
            }
          ],
          [
            \\".\\",
            \\".\\",
            \\"variant\\",
            \\"LEGACY\\",
            \\"Stage\\",
            \\"PROD\\",
            \\"outcome\\",
            \\"ERROR\\",
            { \\"id\\": \\"e1\\", \\"visible\\": false, \\"color\\": \\"#ffbb78\\" }
          ],
          [
            \\"...\\",
            \\"ACCOUNT OVERVIEW\\",
            \\".\\",
            \\".\\",
            \\".\\",
            \\".\\",
            { \\"id\\": \\"e2\\", \\"visible\\": false, \\"color\\": \\"#ffbb78\\" }
          ],
          [
            \\".\\",
            \\".\\",
            \\"Stage\\",
            \\"PROD\\",
            \\"outcome\\",
            \\"ERROR\\",
            {
              \\"label\\": \\"ERROR FINAL\\",
              \\"color\\": \\"#ffbb78\\",
              \\"yAxis\\": \\"left\\",
              \\"id\\": \\"e3\\",
              \\"visible\\": false
            }
          ]
        ],
        \\"view\\": \\"timeSeries\\",
        \\"stacked\\": false,
        \\"region\\": \\"eu-west-1\\",
        \\"stat\\": \\"Sum\\",
        \\"period\\": 3600,
        \\"title\\": \\"MDA_UPDATE_PAYMENT_DIRECT_DEBIT (per hour)\\",
        \\"yAxis\\": {
          \\"left\\": {
            \\"min\\": 0
          }
        },
        \\"legend\\": {
          \\"position\\": \\"right\\"
        },
        \\"annotations\\": {
          \\"vertical\\": [
            {
              \\"label\\": \\"50% ACCOUNT OVERVIEW\\",
              \\"value\\": \\"2020-05-26T10:17:00.000Z\\"
            },
            {
              \\"color\\": \\"#d62728\\",
              \\"label\\": \\"100% ACCOUNT OVERVIEW\\",
              \\"value\\": \\"2020-06-05T09:57:00.000Z\\"
            }
          ]
        }
      }
    },
    {
      \\"type\\": \\"metric\\",
      \\"x\\": 0,
      \\"y\\": 0,
      \\"width\\": 12,
      \\"height\\": 3,
      \\"properties\\": {
        \\"metrics\\": [
          [
            {
              \\"expression\\": \\"s1 + s2 + s3\\",
              \\"label\\": \\"SUCCESS\\",
              \\"id\\": \\"success\\",
              \\"color\\": \\"#2ca02c\\"
            }
          ],
          [
            {
              \\"expression\\": \\"e1 + e2 + e3\\",
              \\"label\\": \\"ERROR\\",
              \\"id\\": \\"error\\",
              \\"color\\": \\"#ff7f0e\\"
            }
          ],
          [
            \\"manage-frontend\\",
            \\"MDA_UPDATE_PAYMENT_CARD\\",
            \\"variant\\",
            \\"LEGACY\\",
            \\"Stage\\",
            \\"PROD\\",
            \\"outcome\\",
            \\"SUCCESS\\",
            { \\"id\\": \\"s1\\", \\"visible\\": false, \\"color\\": \\"#98df8a\\" }
          ],
          [
            \\"...\\",
            \\"ACCOUNT OVERVIEW\\",
            \\".\\",
            \\".\\",
            \\".\\",
            \\".\\",
            { \\"id\\": \\"s2\\", \\"visible\\": false, \\"color\\": \\"#98df8a\\" }
          ],
          [
            \\".\\",
            \\".\\",
            \\"Stage\\",
            \\"PROD\\",
            \\"outcome\\",
            \\"SUCCESS\\",
            {
              \\"label\\": \\"SUCCESS FINAL\\",
              \\"color\\": \\"#98df8a\\",
              \\"id\\": \\"s3\\",
              \\"visible\\": false
            }
          ],
          [
            \\".\\",
            \\".\\",
            \\"variant\\",
            \\"LEGACY\\",
            \\"Stage\\",
            \\"PROD\\",
            \\"outcome\\",
            \\"ERROR\\",
            { \\"id\\": \\"e1\\", \\"visible\\": false, \\"color\\": \\"#ffbb78\\" }
          ],
          [
            \\"...\\",
            \\"ACCOUNT OVERVIEW\\",
            \\".\\",
            \\".\\",
            \\".\\",
            \\".\\",
            { \\"id\\": \\"e2\\", \\"visible\\": false, \\"color\\": \\"#ffbb78\\" }
          ],
          [
            \\".\\",
            \\".\\",
            \\"Stage\\",
            \\"PROD\\",
            \\"outcome\\",
            \\"ERROR\\",
            {
              \\"label\\": \\"ERROR FINAL\\",
              \\"color\\": \\"#ffbb78\\",
              \\"yAxis\\": \\"left\\",
              \\"id\\": \\"e3\\",
              \\"visible\\": false
            }
          ]
        ],
        \\"view\\": \\"timeSeries\\",
        \\"stacked\\": false,
        \\"region\\": \\"eu-west-1\\",
        \\"stat\\": \\"Sum\\",
        \\"period\\": 3600,
        \\"title\\": \\"MDA_UPDATE_PAYMENT_CARD (per hour)\\",
        \\"yAxis\\": {
          \\"left\\": {
            \\"min\\": 0
          }
        },
        \\"legend\\": {
          \\"position\\": \\"right\\"
        },
        \\"annotations\\": {
          \\"vertical\\": [
            {
              \\"color\\": \\"#d62728\\",
              \\"label\\": \\"50% ACCOUNT OVERVIEW\\",
              \\"value\\": \\"2020-05-26T10:17:00.000Z\\"
            },
            {
              \\"color\\": \\"#d62728\\",
              \\"label\\": \\"100% ACCOUNT OVERVIEW\\",
              \\"value\\": \\"2020-06-05T09:57:00.000Z\\"
            }
          ]
        }
      }
    },
    {
      \\"type\\": \\"metric\\",
      \\"x\\": 0,
      \\"y\\": 3,
      \\"width\\": 12,
      \\"height\\": 3,
      \\"properties\\": {
        \\"metrics\\": [
          [
            {
              \\"expression\\": \\"s1 + s2 + s3\\",
              \\"label\\": \\"SUCCESS\\",
              \\"id\\": \\"success\\",
              \\"color\\": \\"#2ca02c\\"
            }
          ],
          [
            {
              \\"expression\\": \\"e1 + e2 + e3\\",
              \\"label\\": \\"ERROR\\",
              \\"id\\": \\"error\\",
              \\"color\\": \\"#ff7f0e\\"
            }
          ],
          [
            \\"manage-frontend\\",
            \\"STRIPE_SETUP_INTENT\\",
            \\"variant\\",
            \\"LEGACY\\",
            \\"Stage\\",
            \\"PROD\\",
            \\"outcome\\",
            \\"SUCCESS\\",
            { \\"id\\": \\"s1\\", \\"visible\\": false, \\"color\\": \\"#98df8a\\" }
          ],
          [
            \\"...\\",
            \\"ACCOUNT OVERVIEW\\",
            \\".\\",
            \\".\\",
            \\".\\",
            \\".\\",
            { \\"id\\": \\"s2\\", \\"visible\\": false, \\"color\\": \\"#98df8a\\" }
          ],
          [
            \\".\\",
            \\".\\",
            \\"Stage\\",
            \\"PROD\\",
            \\"outcome\\",
            \\"SUCCESS\\",
            {
              \\"label\\": \\"SUCCESS FINAL\\",
              \\"color\\": \\"#98df8a\\",
              \\"id\\": \\"s3\\",
              \\"visible\\": false
            }
          ],
          [
            \\".\\",
            \\".\\",
            \\"variant\\",
            \\"LEGACY\\",
            \\"Stage\\",
            \\"PROD\\",
            \\"outcome\\",
            \\"ERROR\\",
            { \\"id\\": \\"e1\\", \\"visible\\": false, \\"color\\": \\"#ffbb78\\" }
          ],
          [
            \\"...\\",
            \\"ACCOUNT OVERVIEW\\",
            \\".\\",
            \\".\\",
            \\".\\",
            \\".\\",
            { \\"id\\": \\"e2\\", \\"visible\\": false, \\"color\\": \\"#ffbb78\\" }
          ],
          [
            \\".\\",
            \\".\\",
            \\"Stage\\",
            \\"PROD\\",
            \\"outcome\\",
            \\"ERROR\\",
            {
              \\"label\\": \\"ERROR FINAL\\",
              \\"color\\": \\"#ffbb78\\",
              \\"yAxis\\": \\"left\\",
              \\"id\\": \\"e3\\",
              \\"visible\\": false
            }
          ]
        ],
        \\"view\\": \\"timeSeries\\",
        \\"stacked\\": false,
        \\"region\\": \\"eu-west-1\\",
        \\"stat\\": \\"Sum\\",
        \\"period\\": 3600,
        \\"title\\": \\"STRIPE_SETUP_INTENT (per hour)\\",
        \\"yAxis\\": {
          \\"left\\": {
            \\"min\\": 0
          }
        },
        \\"legend\\": {
          \\"position\\": \\"right\\"
        },
        \\"annotations\\": {
          \\"vertical\\": [
            {
              \\"label\\": \\"50% ACCOUNT OVERVIEW\\",
              \\"value\\": \\"2020-05-26T10:17:00.000Z\\"
            },
            {
              \\"color\\": \\"#d62728\\",
              \\"label\\": \\"100% ACCOUNT OVERVIEW\\",
              \\"value\\": \\"2020-06-05T09:57:00.000Z\\"
            }
          ]
        }
      }
    },
    {
      \\"type\\": \\"metric\\",
      \\"x\\": 12,
      \\"y\\": 9,
      \\"width\\": 12,
      \\"height\\": 3,
      \\"properties\\": {
        \\"metrics\\": [
          [
            {
              \\"expression\\": \\"s1 + s2 + s3\\",
              \\"label\\": \\"SUCCESS\\",
              \\"id\\": \\"success\\",
              \\"color\\": \\"#2ca02c\\"
            }
          ],
          [
            {
              \\"expression\\": \\"e1 + e2 + e3\\",
              \\"label\\": \\"ERROR\\",
              \\"id\\": \\"error\\",
              \\"color\\": \\"#ff7f0e\\"
            }
          ],
          [
            \\"manage-frontend\\",
            \\"MDA_DELIVERY_ADDRESS_UPDATE\\",
            \\"variant\\",
            \\"LEGACY\\",
            \\"Stage\\",
            \\"PROD\\",
            \\"outcome\\",
            \\"SUCCESS\\",
            { \\"id\\": \\"s1\\", \\"visible\\": false, \\"color\\": \\"#98df8a\\" }
          ],
          [
            \\"...\\",
            \\"ACCOUNT OVERVIEW\\",
            \\".\\",
            \\".\\",
            \\".\\",
            \\".\\",
            { \\"id\\": \\"s2\\", \\"visible\\": false, \\"color\\": \\"#98df8a\\" }
          ],
          [
            \\".\\",
            \\".\\",
            \\"Stage\\",
            \\"PROD\\",
            \\"outcome\\",
            \\"SUCCESS\\",
            {
              \\"label\\": \\"SUCCESS FINAL\\",
              \\"color\\": \\"#98df8a\\",
              \\"id\\": \\"s3\\",
              \\"visible\\": false
            }
          ],
          [
            \\".\\",
            \\".\\",
            \\"variant\\",
            \\"LEGACY\\",
            \\"Stage\\",
            \\"PROD\\",
            \\"outcome\\",
            \\"ERROR\\",
            { \\"id\\": \\"e1\\", \\"visible\\": false, \\"color\\": \\"#ffbb78\\" }
          ],
          [
            \\"...\\",
            \\"ACCOUNT OVERVIEW\\",
            \\".\\",
            \\".\\",
            \\".\\",
            \\".\\",
            { \\"id\\": \\"e2\\", \\"visible\\": false, \\"color\\": \\"#ffbb78\\" }
          ],
          [
            \\".\\",
            \\".\\",
            \\"Stage\\",
            \\"PROD\\",
            \\"outcome\\",
            \\"ERROR\\",
            {
              \\"label\\": \\"ERROR FINAL\\",
              \\"color\\": \\"#ffbb78\\",
              \\"yAxis\\": \\"left\\",
              \\"id\\": \\"e3\\",
              \\"visible\\": false
            }
          ]
        ],
        \\"view\\": \\"timeSeries\\",
        \\"stacked\\": false,
        \\"region\\": \\"eu-west-1\\",
        \\"stat\\": \\"Sum\\",
        \\"period\\": 3600,
        \\"title\\": \\"MDA_DELIVERY_ADDRESS_UPDATE (per hour)\\",
        \\"yAxis\\": {
          \\"left\\": {
            \\"min\\": 0
          }
        },
        \\"legend\\": {
          \\"position\\": \\"right\\"
        },
        \\"annotations\\": {
          \\"vertical\\": [
            {
              \\"label\\": \\"50% ACCOUNT OVERVIEW\\",
              \\"value\\": \\"2020-05-26T10:17:00.000Z\\"
            },
            {
              \\"color\\": \\"#d62728\\",
              \\"label\\": \\"100% ACCOUNT OVERVIEW\\",
              \\"value\\": \\"2020-06-05T09:57:00.000Z\\"
            }
          ]
        }
      }
    },
    {
      \\"type\\": \\"metric\\",
      \\"x\\": 0,
      \\"y\\": 15,
      \\"width\\": 12,
      \\"height\\": 3,
      \\"properties\\": {
        \\"metrics\\": [
          [
            \\"manage-frontend\\",
            \\"LIST_INVOICES\\",
            \\"Stage\\",
            \\"PROD\\",
            \\"outcome\\",
            \\"ERROR\\",
            { \\"id\\": \\"m1\\", \\"color\\": \\"#ff7f0e\\" }
          ],
          [\\"...\\", \\"SUCCESS\\", { \\"id\\": \\"m2\\", \\"color\\": \\"#2ca02c\\" }]
        ],
        \\"view\\": \\"timeSeries\\",
        \\"stacked\\": false,
        \\"region\\": \\"eu-west-1\\",
        \\"stat\\": \\"Sum\\",
        \\"period\\": 3600,
        \\"title\\": \\"LIST_INVOICES (per hour)\\",
        \\"yAxis\\": {
          \\"left\\": {
            \\"min\\": 0
          }
        },
        \\"legend\\": {
          \\"position\\": \\"right\\"
        }
      }
    },
    {
      \\"type\\": \\"metric\\",
      \\"x\\": 12,
      \\"y\\": 15,
      \\"width\\": 12,
      \\"height\\": 3,
      \\"properties\\": {
        \\"metrics\\": [
          [
            \\"manage-frontend\\",
            \\"GET_INVOICE_PDF\\",
            \\"Stage\\",
            \\"PROD\\",
            \\"outcome\\",
            \\"ERROR\\",
            { \\"id\\": \\"m1\\", \\"color\\": \\"#ff7f0e\\" }
          ],
          [\\"...\\", \\"SUCCESS\\", { \\"id\\": \\"m2\\", \\"color\\": \\"#2ca02c\\" }]
        ],
        \\"view\\": \\"timeSeries\\",
        \\"stacked\\": false,
        \\"region\\": \\"eu-west-1\\",
        \\"stat\\": \\"Sum\\",
        \\"period\\": 3600,
        \\"title\\": \\"GET_INVOICE_PDF (per hour)\\",
        \\"yAxis\\": {
          \\"left\\": {
            \\"min\\": 0
          }
        },
        \\"legend\\": {
          \\"position\\": \\"right\\"
        }
      }
    }
  ]
}
",
        "DashboardName": "manage-frontend",
      },
      "Type": "AWS::CloudWatch::Dashboard",
    },
    "DescribeEC2PolicyFF5F9295": Object {
      "Properties": Object {
        "PolicyDocument": Object {
          "Statement": Array [
            Object {
              "Action": Array [
                "autoscaling:DescribeAutoScalingInstances",
                "autoscaling:DescribeAutoScalingGroups",
                "ec2:DescribeTags",
                "ec2:DescribeInstances",
              ],
              "Effect": "Allow",
              "Resource": "*",
            },
          ],
          "Version": "2012-10-17",
        },
        "PolicyName": "describe-ec2-policy",
        "Roles": Array [
          Object {
            "Ref": "InstanceRoleManagefrontendC8EBF20D",
          },
        ],
      },
      "Type": "AWS::IAM::Policy",
    },
    "DiscoverApiGatewayApiKeys089E4788": Object {
      "Properties": Object {
        "PolicyDocument": Object {
          "Statement": Array [
            Object {
              "Action": "apigateway:GET",
              "Effect": "Allow",
              "Resource": Object {
                "Fn::Join": Array [
                  "",
                  Array [
                    "arn:aws:apigateway:",
                    Object {
                      "Ref": "AWS::Region",
                    },
                    "::/apikeys/*",
                  ],
                ],
              },
            },
          ],
          "Version": "2012-10-17",
        },
        "PolicyName": "DiscoverApiGatewayApiKeys089E4788",
        "Roles": Array [
          Object {
            "Ref": "InstanceRoleManagefrontendC8EBF20D",
          },
        ],
      },
      "Type": "AWS::IAM::Policy",
    },
    "DiscoverApiGatewayLambdas813153A8": Object {
      "Properties": Object {
        "PolicyDocument": Object {
          "Statement": Array [
            Object {
              "Action": "cloudformation:ListStackResources",
              "Effect": "Allow",
              "Resource": Array [
                Object {
                  "Fn::Join": Array [
                    "",
                    Array [
                      "arn:aws:cloudformation:",
                      Object {
                        "Ref": "AWS::Region",
                      },
                      ":",
                      Object {
                        "Ref": "AWS::AccountId",
                      },
                      ":stack/membership-CODE-*",
                    ],
                  ],
                },
                Object {
                  "Fn::Join": Array [
                    "",
                    Array [
                      "arn:aws:cloudformation:",
                      Object {
                        "Ref": "AWS::Region",
                      },
                      ":",
                      Object {
                        "Ref": "AWS::AccountId",
                      },
                      ":stack/support-CODE-*",
                    ],
                  ],
                },
                Object {
                  "Fn::Join": Array [
                    "",
                    Array [
                      "arn:aws:cloudformation:",
                      Object {
                        "Ref": "AWS::Region",
                      },
                      ":",
                      Object {
                        "Ref": "AWS::AccountId",
                      },
                      ":stack/membership-PROD-*",
                    ],
                  ],
                },
                Object {
                  "Fn::Join": Array [
                    "",
                    Array [
                      "arn:aws:cloudformation:",
                      Object {
                        "Ref": "AWS::Region",
                      },
                      ":",
                      Object {
                        "Ref": "AWS::AccountId",
                      },
                      ":stack/support-PROD-*",
                    ],
                  ],
                },
              ],
            },
          ],
          "Version": "2012-10-17",
        },
        "PolicyName": "DiscoverApiGatewayLambdas813153A8",
        "Roles": Array [
          Object {
            "Ref": "InstanceRoleManagefrontendC8EBF20D",
          },
        ],
      },
      "Type": "AWS::IAM::Policy",
    },
    "GetDistributablePolicyManagefrontendF60D9EB4": Object {
      "Properties": Object {
        "PolicyDocument": Object {
          "Statement": Array [
            Object {
              "Action": "s3:GetObject",
              "Effect": "Allow",
              "Resource": Object {
                "Fn::Join": Array [
                  "",
                  Array [
                    "arn:aws:s3:::",
                    Object {
                      "Ref": "DistributionBucketName",
                    },
                    "/support/PROD/manage-frontend/*",
                  ],
                ],
              },
            },
          ],
          "Version": "2012-10-17",
        },
        "PolicyName": "GetDistributablePolicyManagefrontendF60D9EB4",
        "Roles": Array [
          Object {
            "Ref": "InstanceRoleManagefrontendC8EBF20D",
          },
        ],
      },
      "Type": "AWS::IAM::Policy",
    },
    "GuHttpsEgressSecurityGroupManagefrontend8E53A220": Object {
      "Properties": Object {
        "GroupDescription": "Allow all outbound HTTPS traffic",
        "SecurityGroupEgress": Array [
          Object {
            "CidrIp": "0.0.0.0/0",
            "Description": "Allow all outbound HTTPS traffic",
            "FromPort": 443,
            "IpProtocol": "tcp",
            "ToPort": 443,
          },
        ],
        "Tags": Array [
          Object {
            "Key": "App",
            "Value": "manage-frontend",
          },
          Object {
            "Key": "gu:cdk:version",
            "Value": "TEST",
          },
          Object {
            "Key": "gu:repo",
            "Value": "guardian/manage-frontend",
          },
          Object {
            "Key": "Stack",
            "Value": "support",
          },
          Object {
            "Key": "Stage",
            "Value": "PROD",
          },
        ],
        "VpcId": Object {
          "Ref": "VpcId",
        },
      },
      "Type": "AWS::EC2::SecurityGroup",
    },
    "GuHttpsEgressSecurityGroupManagefrontendfromManageFrontendLoadBalancerManagefrontendSecurityGroup4DBBACB992338D8ADC65": Object {
      "Properties": Object {
        "Description": "Load balancer to target",
        "FromPort": 9233,
        "GroupId": Object {
          "Fn::GetAtt": Array [
            "GuHttpsEgressSecurityGroupManagefrontend8E53A220",
            "GroupId",
          ],
        },
        "IpProtocol": "tcp",
        "SourceSecurityGroupId": Object {
          "Fn::GetAtt": Array [
            "LoadBalancerManagefrontendSecurityGroupED621ABF",
            "GroupId",
          ],
        },
        "ToPort": 9233,
      },
      "Type": "AWS::EC2::SecurityGroupIngress",
    },
    "GuLogShippingPolicy981BFE5A": Object {
      "Properties": Object {
        "PolicyDocument": Object {
          "Statement": Array [
            Object {
              "Action": Array [
                "kinesis:Describe*",
                "kinesis:Put*",
              ],
              "Effect": "Allow",
              "Resource": Object {
                "Fn::Join": Array [
                  "",
                  Array [
                    "arn:aws:kinesis:",
                    Object {
                      "Ref": "AWS::Region",
                    },
                    ":",
                    Object {
                      "Ref": "AWS::AccountId",
                    },
                    ":stream/",
                    Object {
                      "Ref": "LoggingStreamName",
                    },
                  ],
                ],
              },
            },
          ],
          "Version": "2012-10-17",
        },
        "PolicyName": "GuLogShippingPolicy981BFE5A",
        "Roles": Array [
          Object {
            "Ref": "InstanceRoleManagefrontendC8EBF20D",
          },
        ],
      },
      "Type": "AWS::IAM::Policy",
    },
    "GuPutCloudwatchMetricsPolicyC5BCE402": Object {
      "Properties": Object {
        "PolicyDocument": Object {
          "Statement": Array [
            Object {
              "Action": "cloudwatch:PutMetricData",
              "Effect": "Allow",
              "Resource": "*",
            },
          ],
          "Version": "2012-10-17",
        },
        "PolicyName": "GuPutCloudwatchMetricsPolicyC5BCE402",
        "Roles": Array [
          Object {
            "Ref": "InstanceRoleManagefrontendC8EBF20D",
          },
        ],
      },
      "Type": "AWS::IAM::Policy",
    },
    "InstanceRoleManagefrontendC8EBF20D": Object {
      "Properties": Object {
        "AssumeRolePolicyDocument": Object {
          "Statement": Array [
            Object {
              "Action": "sts:AssumeRole",
              "Effect": "Allow",
              "Principal": Object {
                "Service": "ec2.amazonaws.com",
              },
            },
          ],
          "Version": "2012-10-17",
        },
        "ManagedPolicyArns": Array [
          Object {
            "Fn::Join": Array [
              "",
              Array [
                "arn:",
                Object {
                  "Ref": "AWS::Partition",
                },
                ":iam::aws:policy/AmazonSSMManagedInstanceCore",
              ],
            ],
          },
        ],
        "Path": "/",
        "Tags": Array [
          Object {
            "Key": "App",
            "Value": "manage-frontend",
          },
          Object {
            "Key": "gu:cdk:version",
            "Value": "TEST",
          },
          Object {
            "Key": "gu:repo",
            "Value": "guardian/manage-frontend",
          },
          Object {
            "Key": "Stack",
            "Value": "support",
          },
          Object {
            "Key": "Stage",
            "Value": "PROD",
          },
        ],
      },
      "Type": "AWS::IAM::Role",
    },
    "InvokeApiGatewayD4DDF95A": Object {
      "Properties": Object {
        "PolicyDocument": Object {
          "Statement": Array [
            Object {
              "Action": "execute-api:Invoke",
              "Effect": "Allow",
              "Resource": Array [
                Object {
                  "Fn::Join": Array [
                    "",
                    Array [
                      "arn:aws:execute-api:",
                      Object {
                        "Ref": "AWS::Region",
                      },
                      ":",
                      Object {
                        "Ref": "AWS::AccountId",
                      },
                      ":*/CODE/*",
                    ],
                  ],
                },
                Object {
                  "Fn::Join": Array [
                    "",
                    Array [
                      "arn:aws:execute-api:",
                      Object {
                        "Ref": "AWS::Region",
                      },
                      ":",
                      Object {
                        "Ref": "AWS::AccountId",
                      },
                      ":*/PROD/*",
                    ],
                  ],
                },
              ],
            },
          ],
          "Version": "2012-10-17",
        },
        "PolicyName": "InvokeApiGatewayD4DDF95A",
        "Roles": Array [
          Object {
            "Ref": "InstanceRoleManagefrontendC8EBF20D",
          },
        ],
      },
      "Type": "AWS::IAM::Policy",
    },
    "ListenerManagefrontendF0B970A7": Object {
      "Properties": Object {
        "Certificates": Array [
          Object {
            "CertificateArn": Object {
              "Ref": "CertificateManagefrontend6C431D69",
            },
          },
        ],
        "DefaultActions": Array [
          Object {
            "TargetGroupArn": Object {
              "Ref": "TargetGroupManagefrontend7AE2B787",
            },
            "Type": "forward",
          },
        ],
        "LoadBalancerArn": Object {
          "Ref": "LoadBalancerManagefrontend184BCE6C",
        },
        "Port": 443,
        "Protocol": "HTTPS",
      },
      "Type": "AWS::ElasticLoadBalancingV2::Listener",
    },
    "LoadBalancerManagefrontend184BCE6C": Object {
      "Properties": Object {
        "LoadBalancerAttributes": Array [
          Object {
            "Key": "deletion_protection.enabled",
            "Value": "true",
          },
        ],
        "Scheme": "internet-facing",
        "SecurityGroups": Array [
          Object {
            "Fn::GetAtt": Array [
              "LoadBalancerManagefrontendSecurityGroupED621ABF",
              "GroupId",
            ],
          },
        ],
        "Subnets": Object {
          "Ref": "managefrontendPublicSubnets",
        },
        "Tags": Array [
          Object {
            "Key": "App",
            "Value": "manage-frontend",
          },
          Object {
            "Key": "gu:cdk:version",
            "Value": "TEST",
          },
          Object {
            "Key": "gu:repo",
            "Value": "guardian/manage-frontend",
          },
          Object {
            "Key": "Stack",
            "Value": "support",
          },
          Object {
            "Key": "Stage",
            "Value": "PROD",
          },
        ],
        "Type": "application",
      },
      "Type": "AWS::ElasticLoadBalancingV2::LoadBalancer",
    },
    "LoadBalancerManagefrontendSecurityGroupED621ABF": Object {
      "Properties": Object {
        "GroupDescription": "Automatically created Security Group for ELB ManageFrontendLoadBalancerManagefrontend0170C9E2",
        "SecurityGroupIngress": Array [
          Object {
            "CidrIp": "0.0.0.0/0",
            "Description": "Allow from anyone on port 443",
            "FromPort": 443,
            "IpProtocol": "tcp",
            "ToPort": 443,
          },
        ],
        "Tags": Array [
          Object {
            "Key": "App",
            "Value": "manage-frontend",
          },
          Object {
            "Key": "gu:cdk:version",
            "Value": "TEST",
          },
          Object {
            "Key": "gu:repo",
            "Value": "guardian/manage-frontend",
          },
          Object {
            "Key": "Stack",
            "Value": "support",
          },
          Object {
            "Key": "Stage",
            "Value": "PROD",
          },
        ],
        "VpcId": Object {
          "Ref": "VpcId",
        },
      },
      "Type": "AWS::EC2::SecurityGroup",
    },
    "LoadBalancerManagefrontendSecurityGrouptoManageFrontendGuHttpsEgressSecurityGroupManagefrontendD45FBEBD9233E0609005": Object {
      "Properties": Object {
        "Description": "Load balancer to target",
        "DestinationSecurityGroupId": Object {
          "Fn::GetAtt": Array [
            "GuHttpsEgressSecurityGroupManagefrontend8E53A220",
            "GroupId",
          ],
        },
        "FromPort": 9233,
        "GroupId": Object {
          "Fn::GetAtt": Array [
            "LoadBalancerManagefrontendSecurityGroupED621ABF",
            "GroupId",
          ],
        },
        "IpProtocol": "tcp",
        "ToPort": 9233,
      },
      "Type": "AWS::EC2::SecurityGroupEgress",
    },
    "LoadBalancerManagefrontendSecurityGrouptoManageFrontendWazuhSecurityGroup21F140CF923324CB9496": Object {
      "Properties": Object {
        "Description": "Load balancer to target",
        "DestinationSecurityGroupId": Object {
          "Fn::GetAtt": Array [
            "WazuhSecurityGroup",
            "GroupId",
          ],
        },
        "FromPort": 9233,
        "GroupId": Object {
          "Fn::GetAtt": Array [
            "LoadBalancerManagefrontendSecurityGroupED621ABF",
            "GroupId",
          ],
        },
        "IpProtocol": "tcp",
        "ToPort": 9233,
      },
      "Type": "AWS::EC2::SecurityGroupEgress",
    },
    "ManageFrontendLogGroup": Object {
      "DeletionPolicy": "Retain",
      "Properties": Object {
        "LogGroupName": "support-manage-frontend-PROD",
        "RetentionInDays": 14,
        "Tags": Array [
          Object {
            "Key": "gu:cdk:version",
            "Value": "TEST",
          },
          Object {
            "Key": "gu:repo",
            "Value": "guardian/manage-frontend",
          },
          Object {
            "Key": "Stack",
            "Value": "support",
          },
          Object {
            "Key": "Stage",
            "Value": "PROD",
          },
        ],
      },
      "Type": "AWS::Logs::LogGroup",
      "UpdateReplacePolicy": "Retain",
    },
    "ParameterStoreReadManagefrontendB2A65B47": Object {
      "Properties": Object {
        "PolicyDocument": Object {
          "Statement": Array [
            Object {
              "Action": "ssm:GetParametersByPath",
              "Effect": "Allow",
              "Resource": Object {
                "Fn::Join": Array [
                  "",
                  Array [
                    "arn:aws:ssm:",
                    Object {
                      "Ref": "AWS::Region",
                    },
                    ":",
                    Object {
                      "Ref": "AWS::AccountId",
                    },
                    ":parameter/PROD/support/manage-frontend",
                  ],
                ],
              },
            },
            Object {
              "Action": Array [
                "ssm:GetParameters",
                "ssm:GetParameter",
              ],
              "Effect": "Allow",
              "Resource": Object {
                "Fn::Join": Array [
                  "",
                  Array [
                    "arn:aws:ssm:",
                    Object {
                      "Ref": "AWS::Region",
                    },
                    ":",
                    Object {
                      "Ref": "AWS::AccountId",
                    },
                    ":parameter/PROD/support/manage-frontend/*",
                  ],
                ],
              },
            },
          ],
          "Version": "2012-10-17",
        },
        "PolicyName": "parameter-store-read-policy",
        "Roles": Array [
          Object {
            "Ref": "InstanceRoleManagefrontendC8EBF20D",
          },
        ],
      },
      "Type": "AWS::IAM::Policy",
    },
    "PushLogs4B59405A": Object {
      "Properties": Object {
        "PolicyDocument": Object {
          "Statement": Array [
            Object {
              "Action": Array [
                "logs:CreateLogGroup",
                "logs:CreateLogStream",
                "logs:PutLogEvents",
              ],
              "Effect": "Allow",
              "Resource": Object {
                "Fn::GetAtt": Array [
                  "ManageFrontendLogGroup",
                  "Arn",
                ],
              },
            },
          ],
          "Version": "2012-10-17",
        },
        "PolicyName": "PushLogs4B59405A",
        "Roles": Array [
          Object {
            "Ref": "InstanceRoleManagefrontendC8EBF20D",
          },
        ],
      },
      "Type": "AWS::IAM::Policy",
    },
    "ReadFulfilmentDateCalculatorOutputB22863A2": Object {
      "Properties": Object {
        "PolicyDocument": Object {
          "Statement": Array [
            Object {
              "Action": "s3:GetObject",
              "Effect": "Allow",
              "Resource": "arn:aws:s3:::fulfilment-date-calculator-prod/*",
            },
          ],
          "Version": "2012-10-17",
        },
        "PolicyName": "ReadFulfilmentDateCalculatorOutputB22863A2",
        "Roles": Array [
          Object {
            "Ref": "InstanceRoleManagefrontendC8EBF20D",
          },
        ],
      },
      "Type": "AWS::IAM::Policy",
    },
    "ReadManageHelpContent49917399": Object {
      "Properties": Object {
        "PolicyDocument": Object {
          "Statement": Array [
            Object {
              "Action": "s3:GetObject",
              "Effect": "Allow",
              "Resource": "arn:aws:s3:::manage-help-content/PROD/*",
            },
          ],
          "Version": "2012-10-17",
        },
        "PolicyName": "ReadManageHelpContent49917399",
        "Roles": Array [
          Object {
            "Ref": "InstanceRoleManagefrontendC8EBF20D",
          },
        ],
      },
      "Type": "AWS::IAM::Policy",
    },
    "ReadPrivateCredentialsB593C891": Object {
      "Properties": Object {
        "PolicyDocument": Object {
          "Statement": Array [
            Object {
              "Action": "s3:GetObject",
              "Effect": "Allow",
              "Resource": "arn:aws:s3:::gu-reader-revenue-private/manage-frontend/PROD/*",
            },
          ],
          "Version": "2012-10-17",
        },
        "PolicyName": "ReadPrivateCredentialsB593C891",
        "Roles": Array [
          Object {
            "Ref": "InstanceRoleManagefrontendC8EBF20D",
          },
        ],
      },
      "Type": "AWS::IAM::Policy",
    },
    "TargetGroupManagefrontend7AE2B787": Object {
      "Properties": Object {
        "HealthCheckIntervalSeconds": 10,
        "HealthCheckPath": "/_healthcheck",
        "HealthCheckProtocol": "HTTP",
        "HealthCheckTimeoutSeconds": 5,
        "HealthyThresholdCount": 5,
        "Port": 9233,
        "Protocol": "HTTP",
        "Tags": Array [
          Object {
            "Key": "App",
            "Value": "manage-frontend",
          },
          Object {
            "Key": "gu:cdk:version",
            "Value": "TEST",
          },
          Object {
            "Key": "gu:repo",
            "Value": "guardian/manage-frontend",
          },
          Object {
            "Key": "Stack",
            "Value": "support",
          },
          Object {
            "Key": "Stage",
            "Value": "PROD",
          },
        ],
        "TargetGroupAttributes": Array [
          Object {
            "Key": "deregistration_delay.timeout_seconds",
            "Value": "30",
          },
          Object {
            "Key": "stickiness.enabled",
            "Value": "false",
          },
        ],
        "TargetType": "instance",
        "UnhealthyThresholdCount": 2,
        "VpcId": Object {
          "Ref": "VpcId",
        },
      },
      "Type": "AWS::ElasticLoadBalancingV2::TargetGroup",
    },
    "WazuhSecurityGroup": Object {
      "Properties": Object {
        "GroupDescription": "Allow outbound traffic from wazuh agent to manager",
        "SecurityGroupEgress": Array [
          Object {
            "CidrIp": "0.0.0.0/0",
            "Description": "Wazuh event logging",
            "FromPort": 1514,
            "IpProtocol": "tcp",
            "ToPort": 1514,
          },
          Object {
            "CidrIp": "0.0.0.0/0",
            "Description": "Wazuh agent registration",
            "FromPort": 1515,
            "IpProtocol": "tcp",
            "ToPort": 1515,
          },
        ],
        "Tags": Array [
          Object {
            "Key": "gu:cdk:version",
            "Value": "TEST",
          },
          Object {
            "Key": "gu:repo",
            "Value": "guardian/manage-frontend",
          },
          Object {
            "Key": "Stack",
            "Value": "support",
          },
          Object {
            "Key": "Stage",
            "Value": "PROD",
          },
        ],
        "VpcId": Object {
          "Ref": "VpcId",
        },
      },
      "Type": "AWS::EC2::SecurityGroup",
    },
    "WazuhSecurityGroupfromManageFrontendLoadBalancerManagefrontendSecurityGroup4DBBACB9923356374CB4": Object {
      "Properties": Object {
        "Description": "Load balancer to target",
        "FromPort": 9233,
        "GroupId": Object {
          "Fn::GetAtt": Array [
            "WazuhSecurityGroup",
            "GroupId",
          ],
        },
        "IpProtocol": "tcp",
        "SourceSecurityGroupId": Object {
          "Fn::GetAtt": Array [
            "LoadBalancerManagefrontendSecurityGroupED621ABF",
            "GroupId",
          ],
        },
        "ToPort": 9233,
      },
      "Type": "AWS::EC2::SecurityGroupIngress",
    },
    "supportPRODmanagefrontend8911518E": Object {
      "Properties": Object {
        "LaunchTemplateData": Object {
          "IamInstanceProfile": Object {
            "Arn": Object {
              "Fn::GetAtt": Array [
                "supportPRODmanagefrontendProfile44EC6508",
                "Arn",
              ],
            },
          },
          "ImageId": Object {
            "Ref": "AMIManagefrontend",
          },
          "InstanceType": "t4g.small",
          "SecurityGroupIds": Array [
            Object {
              "Fn::GetAtt": Array [
                "GuHttpsEgressSecurityGroupManagefrontend8E53A220",
                "GroupId",
              ],
            },
            Object {
              "Fn::GetAtt": Array [
                "WazuhSecurityGroup",
                "GroupId",
              ],
            },
          ],
          "TagSpecifications": Array [
            Object {
              "ResourceType": "instance",
              "Tags": Array [
                Object {
                  "Key": "gu:cdk:version",
                  "Value": "TEST",
                },
                Object {
                  "Key": "gu:repo",
                  "Value": "guardian/manage-frontend",
                },
                Object {
                  "Key": "Name",
                  "Value": "ManageFrontend/support-PROD-manage-frontend",
                },
                Object {
                  "Key": "Stack",
                  "Value": "support",
                },
                Object {
                  "Key": "Stage",
                  "Value": "PROD",
                },
              ],
            },
            Object {
              "ResourceType": "volume",
              "Tags": Array [
                Object {
                  "Key": "gu:cdk:version",
                  "Value": "TEST",
                },
                Object {
                  "Key": "gu:repo",
                  "Value": "guardian/manage-frontend",
                },
                Object {
                  "Key": "Name",
                  "Value": "ManageFrontend/support-PROD-manage-frontend",
                },
                Object {
                  "Key": "Stack",
                  "Value": "support",
                },
                Object {
                  "Key": "Stage",
                  "Value": "PROD",
                },
              ],
            },
          ],
          "UserData": Object {
            "Fn::Base64": Object {
              "Fn::Join": Array [
                "",
                Array [
                  "#!/bin/bash -ev
# get runnable tar from S3
aws --region ",
                  Object {
                    "Ref": "AWS::Region",
                  },
                  " s3 cp s3://membership-dist/support/PROD/manage-frontend/manage-frontend.zip /tmp
mkdir /etc/gu
unzip /tmp/manage-frontend.zip -d /etc/gu/dist/
# add user
groupadd manage-frontend
useradd -r -s /usr/bin/nologin -g manage-frontend manage-frontend
touch /var/log/manage-frontend.log
chown -R manage-frontend:manage-frontend /etc/gu
chown manage-frontend:manage-frontend /var/log/manage-frontend.log
# write out systemd file
cat >/etc/systemd/system/manage-frontend.service <<EOL
[Service]
ExecStart=/usr/bin/node /etc/gu/dist/server.js
Restart=always
StandardOutput=syslog
StandardError=syslog
SyslogIdentifier=manage-frontend
User=manage-frontend
Group=manage-frontend
Environment=STAGE=PROD
Environment=CLIENT_DSN=",
                  Object {
                    "Ref": "clientRavenDSN",
                  },
                  "
Environment=SERVER_DSN=",
                  Object {
                    "Ref": "serverRavenDSN",
                  },
                  "
[Install]
WantedBy=multi-user.target
EOL
# RUN
systemctl enable manage-frontend
systemctl start manage-frontend
/opt/cloudwatch-logs/configure-logs application support PROD manage-frontend /var/log/manage-frontend.log",
                ],
              ],
            },
          },
        },
        "TagSpecifications": Array [
          Object {
            "ResourceType": "launch-template",
            "Tags": Array [
              Object {
                "Key": "gu:cdk:version",
                "Value": "TEST",
              },
              Object {
                "Key": "gu:repo",
                "Value": "guardian/manage-frontend",
              },
              Object {
                "Key": "Name",
                "Value": "ManageFrontend/support-PROD-manage-frontend",
              },
              Object {
                "Key": "Stack",
                "Value": "support",
              },
              Object {
                "Key": "Stage",
                "Value": "PROD",
              },
            ],
          },
        ],
      },
      "Type": "AWS::EC2::LaunchTemplate",
    },
    "supportPRODmanagefrontendProfile44EC6508": Object {
      "Properties": Object {
        "Roles": Array [
          Object {
            "Ref": "InstanceRoleManagefrontendC8EBF20D",
          },
        ],
      },
      "Type": "AWS::IAM::InstanceProfile",
    },
  },
}
`;
