// Jest Snapshot v1, https://goo.gl/fbAQLP

exports[`Main renders something 1`] = `
.emotion-0 {
  display: -webkit-box;
  display: -webkit-flex;
  display: -ms-flexbox;
  display: flex;
  -webkit-flex-direction: column;
  -ms-flex-direction: column;
  flex-direction: column;
  height: 100vh;
  -webkit-align-items: stretch;
  -webkit-box-align: stretch;
  -ms-flex-align: stretch;
  align-items: stretch;
  width: 100%;
  color: #333333;
}

.emotion-1 {
  color: #052962;
  position: absolute;
  text-align: center;
  font-size: 12px;
}

.emotion-1:focus {
  position: static;
}

.emotion-2 {
  background-color: #052962;
  min-height: 50px;
  overflow: visible;
  position: relative;
  box-shadow: 0 2px 1px -1px #506991;
  z-index: 1070;
}

@media (min-width: 980px) {
  .emotion-2 {
    min-height: 82px;
  }
}

.emotion-3 {
  padding-left: 12px;
  padding-right: 12px;
  display: -ms-grid;
  -ms-grid-columns: (minmax(0, 1fr))[4];
  grid-template-columns: repeat(4, minmax(0, 1fr));
  grid-auto-columns: max-content;
  -webkit-column-gap: 20px;
  column-gap: 20px;
  height: 100%;
  max-width: calc(1300px + 2.5rem);
  -webkit-align-items: center;
  -webkit-box-align: center;
  -ms-flex-align: center;
  align-items: center;
  margin: auto;
}

@supports (display: grid) {
  .emotion-3 {
    display: grid;
  }
}

@media (min-width: 740px) {
  .emotion-3 {
    padding-left: 20px;
    padding-right: 20px;
    -ms-grid-columns: (minmax(0, 1fr))[12];
    grid-template-columns: repeat(12, minmax(0, 1fr));
  }
}

@media (min-width: 1300px) {
  .emotion-3 {
    -ms-grid-columns: (minmax(0, 1fr))[16];
    grid-template-columns: repeat(16, minmax(0, 1fr));
  }
}

.emotion-4 {
  grid-column-start: -2;
  grid-column-end: span 1;
  -ms-grid-column: 4;
  -ms-grid-column-span: 1;
  -ms-grid-row: 1;
  display: inline-block;
}

@media (min-width: 740px) {
  .emotion-4 {
    margin: auto;
    max-height: 51px;
    grid-column-start: -2;
    grid-column-end: span 1;
    -ms-grid-column: 12;
    -ms-grid-column-span: 1;
    -ms-grid-row: 1;
  }
}

@media (min-width: 1300px) {
  .emotion-4 {
    grid-column-start: -2;
    grid-column-end: span 1;
    -ms-grid-column: 16;
    -ms-grid-column-span: 1;
    -ms-grid-row: 1;
  }
}

.emotion-5 {
  display: block;
  margin: auto 0 auto auto;
  height: 39px;
  text-align: right;
}

@media (min-width: 980px) {
  .emotion-5 {
    width: 51px;
    height: 51px;
  }
}

.emotion-6 {
  width: 39px;
  height: 39px;
}

@media (min-width: 980px) {
  .emotion-6 {
    width: 51px;
    height: 51px;
  }
}

.emotion-7 {
  -webkit-box-flex: 1;
  -webkit-flex-grow: 1;
  -ms-flex-positive: 1;
  flex-grow: 1;
  -webkit-flex-shrink: 0;
  -ms-flex-negative: 0;
  flex-shrink: 0;
  display: -webkit-box;
  display: -webkit-flex;
  display: -ms-flexbox;
  display: flex;
  -webkit-flex-direction: column;
  -ms-flex-direction: column;
  flex-direction: column;
}

.emotion-8 {
  font-family: "GuardianTextEgyptian",Georgia,serif;
  -webkit-box-flex: 1;
  -webkit-flex-grow: 1;
  -ms-flex-positive: 1;
  flex-grow: 1;
  -webkit-flex-shrink: 0;
  -ms-flex-negative: 0;
  flex-shrink: 0;
}

.emotion-9 {
  background-color: #052962;
  color: #FFFFFF;
}

.emotion-10 {
  max-width: 1300px;
  margin: auto;
}

.emotion-11 {
  padding: 10px;
  border: 1px solid rgba(255, 255, 255, 0.3);
  border-top: 0;
}

@media (min-width: 980px) {
  .emotion-11 {
    padding: 0 20px;
  }
}

@media (min-width: 1140px) {
  .emotion-11 {
    display: -webkit-box;
    display: -webkit-flex;
    display: -ms-flexbox;
    display: flex;
  }
}

.emotion-12 {
  padding: 0;
  border: 0;
  width: 100%;
  margin: 0;
}

@media (min-width: 1140px) {
  .emotion-12 {
    width: 340px;
  }
}

@media (min-width: 1300px) {
  .emotion-12 {
    width: 460px;
  }
}

.emotion-13 {
  min-height: 150px;
}

.emotion-14 {
  font-feature-settings: kern;
  font-size: 16px;
  line-height: 16px;
  display: -webkit-box;
  display: -webkit-flex;
  display: -ms-flexbox;
  display: flex;
  -webkit-flex-direction: row;
  -ms-flex-direction: row;
  flex-direction: row;
  -webkit-box-flex-wrap: wrap;
  -webkit-flex-wrap: wrap;
  -ms-flex-wrap: wrap;
  flex-wrap: wrap;
  padding-bottom: 18px;
  border-top: 1px solid rgba(255, 255, 255, 0.3);
}

@media (min-width: 1300px) {
  .emotion-14 {
    border-top: 0;
  }
}

.emotion-15 {
  line-height: 19.2px;
  width: calc(50% - 1.25rem - 1px);
  list-style: none;
  position: relative;
  padding: 0 10px;
  margin: 0;
}

.emotion-15:nth-of-type(even) {
  border-left: 1px solid rgba(255, 255, 255, 0.3);
}

@media (min-width: 740px) {
  .emotion-15 {
    width: 161px;
    -webkit-flex: 1 0 0;
    -ms-flex: 1 0 0;
    flex: 1 0 0;
  }

  .emotion-15:not(:first-of-type) {
    border-left: 1px solid rgba(255, 255, 255, 0.3);
  }
}

@media (min-width: 980px) {
  .emotion-15 {
    border-left: 1px solid rgba(255, 255, 255, 0.3);
  }
}

.emotion-16 {
  list-style: none;
}

.emotion-17 {
  display: inline-block;
  padding: 6px 0;
  color: #FFFFFF;
}

.emotion-17:hover {
  color: #FFE500;
  cursor: pointer;
}

.emotion-58 {
  width: 50%;
  border-left: 1px solid rgba(255, 255, 255, 0.3);
  padding-left: 10px;
  border-top: 1px solid rgba(255, 255, 255, 0.3);
}

@media (min-width: 660px) {
  .emotion-58 {
    width: 312px;
  }
}

@media (min-width: 740px) {
  .emotion-58 {
    border-top: 0;
  }
}

.emotion-59 {
  color: #FFE500;
  font-family: GH Guardian Headline,"GuardianTextEgyptian",Georgia,serif;
  font-size: 24px;
  line-height: 24px;
  font-weight: bold;
  margin-top: 3px;
  margin-bottom: 12px;
}

@media (min-width: 660px) {
  .emotion-59 {
    font-size: 32px;
    line-height: 32px;
  }
}

.emotion-60 {
  display: inline-block;
  margin-right: 10px;
  margin-bottom: 6px;
}

.emotion-61 {
  display: -webkit-inline-box;
  display: -webkit-inline-flex;
  display: -ms-inline-flexbox;
  display: inline-flex;
  -webkit-box-pack: justify;
  -webkit-justify-content: space-between;
  justify-content: space-between;
  -webkit-align-items: center;
  -webkit-box-align: center;
  -ms-flex-align: center;
  align-items: center;
  box-sizing: border-box;
  border: none;
  background: transparent;
  cursor: pointer;
  -webkit-transition: .3s ease-in-out;
  transition: .3s ease-in-out;
  -webkit-text-decoration: none;
  text-decoration: none;
  white-space: nowrap;
  font-family: GuardianTextSans,Guardian Text Sans Web,Helvetica Neue,Helvetica,Arial,Lucida Grande,sans-serif;
  font-size: 1.0625rem;
  line-height: 1.5;
  font-weight: 700;
  height: 36px;
  min-height: 36px;
  padding: 0 16px;
  border-radius: 36px;
  padding-bottom: 2px;
  background-color: #FFE500;
  color: #052962;
}

.emotion-61:disabled {
  cursor: not-allowed;
}

.emotion-61:focus {
  outline: 0;
}

html:not(.src-focus-disabled) .emotion-61:focus {
  outline: 5px solid #0077B6;
  outline-offset: 3px;
}

.emotion-61:hover {
  background-color: #FFD213;
}

.emotion-61 svg {
  -webkit-flex: 0 0 auto;
  -ms-flex: 0 0 auto;
  flex: 0 0 auto;
  display: block;
  fill: currentColor;
  position: relative;
  width: 26px;
  height: auto;
}

.emotion-61 .src-button-space {
  width: 8px;
}

.emotion-61 svg {
  margin-right: -4px;
}

.emotion-61 svg {
  -webkit-transform: translate(0, 0);
  -moz-transform: translate(0, 0);
  -ms-transform: translate(0, 0);
  transform: translate(0, 0);
  -webkit-transition: .2s cubic-bezier(.64, .57, .67, 1.53);
  transition: .2s cubic-bezier(.64, .57, .67, 1.53);
}

.emotion-61:hover svg,
.emotion-61:focus svg {
  -webkit-transform: translate(2px, 0);
  -moz-transform: translate(2px, 0);
  -ms-transform: translate(2px, 0);
  transform: translate(2px, 0);
}

.emotion-63 {
  padding-bottom: 24px;
  padding-left: 20px;
  padding-right: 20px;
  position: relative;
}

.emotion-64 {
  font-size: 16px;
  color: #FFFFFF;
  font-weight: bold;
  padding: 0 5px;
  background-color: #052962;
  position: absolute;
  right: 20px;
  -webkit-transform: translateY(-50%);
  -moz-transform: translateY(-50%);
  -ms-transform: translateY(-50%);
  transform: translateY(-50%);
}

.emotion-64:hover {
  color: #FFE500;
}

.emotion-65 {
  display: inline-block;
  padding-right: 5px;
  padding-top: 9px;
}

.emotion-66 {
  position: relative;
  float: right;
  background-color: currentColor;
  border-radius: 100%;
  height: 42px;
  width: 42px;
}

.emotion-67 {
  position: absolute;
  fill: #052962;
  top: 9px;
  left: 9px;
}

.emotion-68 {
  padding-top: 26px;
  font-size: 12px;
}

@media (min-width: 740px) {
  .emotion-68 {
    padding-top: 6px;
  }
}

<div
  className="emotion-0"
>
  <a
    className="emotion-1"
    href="#maincontent"
  >
    Skip to main content
  </a>
  <header
    className="emotion-2"
  >
    <div
      className="emotion-3"
    >
      <div
        className="emotion-4"
      >
        <a
          className="emotion-5"
          href="https://www.theguardian.com"
          title="The Guardian - Back to home"
        >
          <svg
            className="emotion-6"
            viewBox="0 0 56 56"
            xmlns="http://www.w3.org/2000/svg"
          >
            <path
              d="M28 0a28 28 0 1 0 28 28A28 28 0 0 0 28 0"
              fill="#FFFFFF"
            />
            <path
              d="M33 6.92c3.63.58 8.24 3.06 9.89 4.83v8h-1L33 7.82zm-3.34.5h-.09c-6.35 0-9.8 8.8-9.8 20.66 0 11.87 3.45 20.66 9.8 20.66h.09v.91c-9.56.65-22.42-6.63-22.09-21.58C7.23 13.14 20.09 5.86 29.66 6.51zm16.16 22.53l-3 1.3v13.44A24.26 24.26 0 0 1 33 49.52V31l-3.3-1.09V29h16.12z"
              fill="#052962"
            />
          </svg>
        </a>
      </div>
    </div>
  </header>
  <div
    className="emotion-7"
  >
    <main
      className="emotion-8"
    >
      <p>
        hi
      </p>
    </main>
  </div>
  <footer>
    <div>
      <div
        className="emotion-9"
      >
        <div
          className="emotion-10"
        >
          <div
            className="emotion-11"
          >
            <div
              className="emotion-12"
            >
              <iframe
                className="emotion-13"
                data-form-success-desc="We will send you our picks of the most important headlines tomorrow morning."
                data-node-uid="2"
                frameBorder="0"
                height="86px"
                onLoad={[Function]}
                scrolling="no"
                seamless={false}
                src="https://www.theguardian.com/email/form/footer/today-uk"
                title="Guardian Email Sign-up Form"
              />
            </div>
            <div
              className="emotion-14"
            >
              <ul
                className="emotion-15"
              >
                <li
                  className="emotion-16"
                >
                  <a
                    className="emotion-17"
                    href="https://thegulocal.com/about"
                  >
                    About us
                  </a>
                </li>
                <li
                  className="emotion-16"
                >
                  <a
                    className="emotion-17"
                    href="https://thegulocal.com/help/contact-us"
                  >
                    Contact us
                  </a>
                </li>
                <li
                  className="emotion-16"
                >
                  <a
                    className="emotion-17"
                    href="https://thegulocal.com/info/complaints-and-corrections"
                  >
                    Complaints & corrections
                  </a>
                </li>
                <li
                  className="emotion-16"
                >
                  <a
                    className="emotion-17"
                    href="https://thegulocal.com/securedrop"
                  >
                    Secure Drop
                  </a>
                </li>
                <li
                  className="emotion-16"
                >
                  <a
                    className="emotion-17"
                    href="https://workforus.thegulocal.com"
                  >
                    Work for us
                  </a>
                </li>
                <li
                  className="emotion-16"
                >
                  <a
                    className="emotion-17"
                    href="#"
                    onClick={[Function]}
                  >
                    Privacy settings
                  </a>
                </li>
                <li
                  className="emotion-16"
                >
                  <a
                    className="emotion-17"
                    href="https://thegulocal.com/info/privacy"
                  >
                    Privacy policy
                  </a>
                </li>
                <li
                  className="emotion-16"
                >
                  <a
                    className="emotion-17"
                    href="https://thegulocal.com/info/cookies"
                  >
                    Cookie policy
                  </a>
                </li>
                <li
                  className="emotion-16"
                >
                  <a
                    className="emotion-17"
                    href="https://www.thegulocal.com/help/terms-of-service"
                  >
                    Terms & conditions
                  </a>
                </li>
                <li
                  className="emotion-16"
                >
                  <a
                    className="emotion-17"
                    href="https://www.thegulocal.com/help"
                  >
                    Help
                  </a>
                </li>
              </ul>
              <ul
                className="emotion-15"
              >
                <li
                  className="emotion-16"
                >
                  <a
                    className="emotion-17"
                    href="https://thegulocal.com/index/subjects/a"
                  >
                    All topics
                  </a>
                </li>
                <li
                  className="emotion-16"
                >
                  <a
                    className="emotion-17"
                    href="https://thegulocal.com/index/contributors"
                  >
                    All writers
                  </a>
                </li>
                <li
                  className="emotion-16"
                >
                  <a
                    className="emotion-17"
                    href="https://uploads.guim.co.uk/2021/07/27/STL_&_GMG_Modern_Slavery_Act_Statement_2021.pdf"
                  >
                    Modern Slavery Act
                  </a>
                </li>
                <li
                  className="emotion-16"
                >
                  <a
                    className="emotion-17"
                    href="https://theguardian.newspapers.com/"
                  >
                    Digital newspaper archive
                  </a>
                </li>
                <li
                  className="emotion-16"
                >
                  <a
                    className="emotion-17"
                    href="https://www.facebook.com/theguardian"
                  >
                    Facebook
                  </a>
                </li>
                <li
                  className="emotion-16"
                >
                  <a
                    className="emotion-17"
                    href="https://twitter.com/guardian"
                  >
                    Twitter
                  </a>
                </li>
              </ul>
              <ul
                className="emotion-15"
              >
                <li
                  className="emotion-16"
                >
                  <a
                    className="emotion-17"
                    href="https://advertising.thegulocal.com"
                  >
                    Advertise with us
                  </a>
                </li>
                <li
                  className="emotion-16"
                >
                  <a
                    className="emotion-17"
                    href="https://thegulocal.com/guardian-labs"
                  >
                    Guardian Labs
                  </a>
                </li>
                <li
                  className="emotion-16"
                >
                  <a
                    className="emotion-17"
                    href="https://jobs.thegulocal.com/?INTCMP=NGW_FOOTER_UK_GU_JOBS"
                  >
                    Search jobs
                  </a>
                </li>
                <li
                  className="emotion-16"
                >
                  <a
                    className="emotion-17"
                    href="https://patrons.thegulocal.com/?INTCMP=footer_patrons"
                  >
                    Patrons
                  </a>
                </li>
              </ul>
              <div
                className="emotion-58"
              >
                <div
                  className="emotion-59"
                >
                  Support The Guardian
                </div>
                <div
                  className="emotion-60"
                >
                  <a
                    className="emotion-61"
                    href="https://support.thegulocal.com/contribute?INTCMP=mma_footer_support_contribute&acquisitionData=%7B%22source%22%3A%22GUARDIAN_WEB%22%2C%22componentType%22%3A%22ACQUISITIONS_MANAGE_MY_ACCOUNT%22%2C%22componentId%22%3A%22mma_footer_support_contribute%22%7D&displayExistingPaymentOptions=true"
                    onClick={[Function]}
                  >
                    Contribute
                    <div
                      className="src-button-space"
                    />
                    <svg
                      aria-hidden={true}
                      focusable={false}
                      viewBox="-3 -3 30 30"
                      xmlns="http://www.w3.org/2000/svg"
                    >
                      <path
                        clipRule="evenodd"
                        d="M1 12.956h18.274l-7.167 8.575.932.932L23 12.478v-.956l-9.96-9.985-.932.932 7.166 8.575H1v1.912Z"
                        fillRule="evenodd"
                      />
                    </svg>
                    
                  </a>
                </div>
                <a
                  className="emotion-61"
                  href="https://support.thegulocal.com/subscribe?INTCMP=mma_footer_support_subscribe&acquisitionData=%7B%22source%22%3A%22GUARDIAN_WEB%22%2C%22componentType%22%3A%22ACQUISITIONS_MANAGE_MY_ACCOUNT%22%2C%22componentId%22%3A%22mma_footer_support_subscribe%22%7D&displayExistingPaymentOptions=true"
                  onClick={[Function]}
                >
                  Subscribe
                  <div
                    className="src-button-space"
                  />
                  <svg
                    aria-hidden={true}
                    focusable={false}
                    viewBox="-3 -3 30 30"
                    xmlns="http://www.w3.org/2000/svg"
                  >
                    <path
                      clipRule="evenodd"
                      d="M1 12.956h18.274l-7.167 8.575.932.932L23 12.478v-.956l-9.96-9.985-.932.932 7.166 8.575H1v1.912Z"
                      fillRule="evenodd"
                    />
                  </svg>
                  
                </a>
              </div>
            </div>
          </div>
          <div
            className="emotion-63"
          >
            <a
              className="emotion-64"
              href="#top"
            >
              <span
                className="emotion-65"
              >
                Back to top
              </span>
              <span
                className="emotion-66"
              >
                <span
                  className="emotion-67"
                >
                  <svg
                    height="18"
                    viewBox="0 0 24 18"
                    width="24"
                  >
                    <path
                      d="M.4 15.3l10.5-8.4L12 6l1.1.9 10.5 8.4-.5.7L12 9.7.9 16l-.5-.7z"
                    />
                  </svg>
                </span>
              </span>
            </a>
            <div
              className="emotion-68"
            >
              © 
              2022
               Guardian News and Media Limited or its affiliated companies. All rights reserved.
            </div>
          </div>
        </div>
      </div>
    </div>
  </footer>
</div>
`;
