// Jest Snapshot v1, https://goo.gl/fbAQLP

exports[`Main renders something 1`] = `
.emotion-0 {
  display: -webkit-box;
  display: -webkit-flex;
  display: -ms-flexbox;
  display: flex;
  -webkit-align-items: center;
  -webkit-box-align: center;
  -ms-flex-align: center;
  align-items: center;
  -webkit-box-pack: justify;
  -webkit-justify-content: space-between;
  -ms-flex-pack: justify;
  justify-content: space-between;
  cursor: pointer;
}

.emotion-0::after {
  content: '';
  display: block;
  width: 5px;
  height: 5px;
  border: 1px solid currentColor;
  border-left: transparent;
  border-top: transparent;
  margin-left: 5px;
}

.emotion-0:hover {
  color: #ffe500;
}

.emotion-0:hover::after {
  -webkit-transform: translateY(0px) rotate(45deg);
  -ms-transform: translateY(0px) rotate(45deg);
  transform: translateY(0px) rotate(45deg);
  -webkit-transition-property: -webkit-transform;
  -webkit-transition-property: transform;
  transition-property: transform;
  -webkit-transition-duration: 250ms;
  transition-duration: 250ms;
  -webkit-transition-timing-function: ease-in-out;
  transition-timing-function: ease-in-out;
}

.emotion-1 {
  padding: 7px 20px 15px 30px;
  -webkit-text-decoration: none;
  text-decoration: none;
  color: currentColor;
  white-space: nowrap;
  position: relative;
  margin-top: -1px;
  display: -webkit-box;
  display: -webkit-flex;
  display: -ms-flexbox;
  display: flex;
  -webkit-align-items: center;
  -webkit-box-align: center;
  -ms-flex-align: center;
  align-items: center;
}

.emotion-1:hover {
  background-color: #ececec;
  -webkit-text-decoration: none;
  text-decoration: none;
}

.emotion-5 {
  height: 0.0625rem;
  background: #ececec;
  border: 0;
  display: block;
  margin: 0 0 0 1.875rem;
}

.emotion-11 {
  display: none;
  background: #ffffff;
  position: absolute;
  left: 0px;
  top: 2.2rem;
  z-index: 1071;
  list-style: none;
  line-height: 1.375rem;
  box-shadow: 0 0 0 0.0625rem rgba(0,0,0,0.1);
  border-radius: 0.1875rem;
  margin: 0;
  padding: 0.375rem 0;
  overflow: hidden;
}

.emotion-11 li {
  padding: 0;
  margin: 0;
}

.emotion-12 {
  width: 42px;
  height: 42px;
}

<div
  css={
    Object {
      "alignItems": "stretch",
      "color": "#333333",
      "display": "flex",
      "flexDirection": "column",
      "height": "100vh",
      "width": "100%",
    }
  }
>
  <header
    css={
      Object {
        "backgroundColor": "#052962",
        "maxHeight": "48px",
        "minHeight": "48px",
        "overflow": "visible",
        "padding": "0.15625rem 0 0",
        "position": "relative",
        "zIndex": 1070,
      }
    }
  >
    <div
      css={
        Object {
          "alignItems": "center",
          "display": "flex",
          "height": "100%",
          "justifyContent": "space-between",
          "margin": "auto",
          "maxWidth": "calc(940px + 2.5rem)",
          "paddingLeft": "1.25rem",
          "paddingRight": "1.25rem",
        }
      }
    >
      <nav
        css={
          Object {
            "fontSize": "16px",
            "position": "relative",
            "transform": "translateY(-1px)",
          }
        }
      >
        <span
          className="emotion-0"
          css={
            Object {
              "::after": Object {
                "transform": "translateY(-2px) rotate(45deg)",
              },
              "color": "#ffffff",
            }
          }
          onClick={[Function]}
        >
          My account
        </span>
        <ul
          className="emotion-11"
        >
          <li>
            <a
              className="emotion-1"
              href="/profile/user"
            >
              <span>
                Comments & replies
              </span>
            </a>
          </li>
          <li>
            <a
              className="emotion-1"
              href="https://profile.thegulocal.com/public/edit"
            >
              <span>
                Public profile
              </span>
            </a>
          </li>
          <li>
            <a
              className="emotion-1"
              href="https://profile.thegulocal.com/account/edit"
            >
              <span>
                Account details
              </span>
            </a>
          </li>
          <li>
            <a
              className="emotion-1"
              href="https://profile.thegulocal.com/email-prefs"
            >
              <span>
                Emails & marketing
              </span>
            </a>
          </li>
          <hr
            className="emotion-5"
          />
          <li>
            <a
              className="emotion-1"
              href="/membership"
            >
              <span>
                Membership
              </span>
            </a>
          </li>
          <li>
            <a
              className="emotion-1"
              href="/contributions"
            >
              <span>
                Contributions
              </span>
            </a>
          </li>
          <li>
            <a
              className="emotion-1"
              href="/subscriptions"
            >
              <span>
                Subscriptions
              </span>
            </a>
          </li>
          <hr
            className="emotion-5"
          />
          <li>
            <a
              className="emotion-1"
              href="https://profile.thegulocal.com/signout"
            >
              <span
                css={
                  Object {
                    " svg": Object {
                      "display": "block",
                    },
                    "display": "block",
                    "height": "0.8em",
                    "marginRight": "5px",
                    "width": "0.8em",
                  }
                }
              >
                <svg
                  fill="none"
                  height="100%"
                  viewBox="0 0 20 22"
                  width="100%"
                >
                  <g
                    clipPath="url(#a)"
                  >
                    <path
                      clipRule="evenodd"
                      d="M14.875 16.475l-.875-.9L16.725 12H8v-2h8.725L14 6.425l.875-.875L20 10.65v.7l-5.125 5.125zM11 21v1H1.025L0 20.975v-20L1.025 0H11v1l-1 1H2v18h8l1 1z"
                      fill="#333"
                      fillRule="evenodd"
                    />
                  </g>
                  <defs>
                    <clipPath
                      id="a"
                    >
                      <path
                        d="M0 0h20v22H0z"
                        fill="#fff"
                      />
                    </clipPath>
                  </defs>
                </svg>
              </span>
              <span>
                Sign out
              </span>
            </a>
          </li>
        </ul>
      </nav>
      <a
        css={
          Object {
            "alignSelf": "flex-start",
          }
        }
        href="https://www.theguardian.com"
      >
        <svg
          className="emotion-12"
          viewBox="0 0 56 56"
          xmlns="http://www.w3.org/2000/svg"
        >
          <path
            d="M28 0a28 28 0 1 0 28 28A28 28 0 0 0 28 0"
            fill="#ffffff"
          />
          <path
            d="M33 6.92c3.63.58 8.24 3.06 9.89 4.83v8h-1L33 7.82zm-3.34.5h-.09c-6.35 0-9.8 8.8-9.8 20.66 0 11.87 3.45 20.66 9.8 20.66h.09v.91c-9.56.65-22.42-6.63-22.09-21.58C7.23 13.14 20.09 5.86 29.66 6.51zm16.16 22.53l-3 1.3v13.44A24.26 24.26 0 0 1 33 49.52V31l-3.3-1.09V29h16.12z"
            fill="#052962"
          />
        </svg>
      </a>
    </div>
  </header>
  <div
    css={
      Object {
        "flexGrow": "1",
        "flexShrink": "0",
      }
    }
  >
    <main
      css={
        Object {
          "fontFamily": "\\"GuardianTextEgyptian\\", Georgia, serif",
        }
      }
    >
      <p>
        hi
      </p>
    </main>
  </div>
  <footer
    css={
      Object {
        "marginTop": "2rem",
      }
    }
  >
    <div>
      <div
        css={
          Object {
            "backgroundColor": "#052962",
            "color": "#ffffff",
          }
        }
      >
        <div
          css={
            Object {
              "margin": "auto",
              "maxWidth": "1300px",
            }
          }
        >
          <div
            css={
              Object {
                "@media (min-width: 1140px)": Object {
                  "display": "flex",
                },
                "@media (min-width: 980px)": Object {
                  "padding": "0 20px",
                },
                "border": "1px solid rgba(255,255,255,0.3)",
                "borderTop": 0,
                "padding": "10px",
              }
            }
          >
            <div
              css={
                Object {
                  "@media (min-width: 1140px)": Object {
                    "width": "340px",
                  },
                  "@media (min-width: 1300px)": Object {
                    "width": "460px",
                  },
                  "border": 0,
                  "margin": 0,
                  "padding": 0,
                  "width": "100%",
                }
              }
            >
              <iframe
                data-form-success-desc="We will send you our picks of the most important headlines tomorrow morning."
                data-node-uid="2"
                frameBorder="0"
                height="86px"
                onLoad={[Function]}
                scrolling="no"
                seamless={false}
                src="https://profile.thegulocal.com/email/form/footer/today-uk"
                title="Guardian Email Sign-up Form"
              />
            </div>
            <div
              css={
                Object {
                  "@media (min-width: 1300px)": Object {
                    "borderTop": 0,
                  },
                  "borderTop": "1px solid rgba(255,255,255,0.3)",
                  "display": "flex",
                  "flexDirection": "row",
                  "flexWrap": "wrap",
                  "fontFeatureSettings": "kern",
                  "fontSize": "16px",
                  "lineHeight": "16px",
                  "paddingBottom": "18px",
                }
              }
            >
              <ul
                css={
                  Object {
                    "&:nth-child(even)": Object {
                      "borderLeft": "1px solid rgba(255,255,255,0.3)",
                    },
                    "@media (min-width: 740px)": Object {
                      "&:not(:first-child)": Object {
                        "borderLeft": "1px solid rgba(255,255,255,0.3)",
                      },
                      "flex": "1 0 0",
                      "width": "161px",
                    },
                    "@media (min-width: 980px)": Object {
                      "borderLeft": "1px solid rgba(255,255,255,0.3)",
                    },
                    "lineHeight": "19.2px",
                    "listStyle": "none",
                    "margin": 0,
                    "padding": "0 10px",
                    "position": "relative",
                    "width": "calc(50% - 1.250rem - 1px)",
                  }
                }
              >
                <li
                  css={
                    Object {
                      "listStyle": "none",
                    }
                  }
                >
                  <a
                    css={
                      Object {
                        ":hover": Object {
                          "color": "#ffe500",
                        },
                        "color": "#ffffff",
                        "display": "inline-block",
                        "padding": "6px 0",
                      }
                    }
                    href="https://thegulocal.com/about"
                  >
                    About us
                  </a>
                </li>
                <li
                  css={
                    Object {
                      "listStyle": "none",
                    }
                  }
                >
                  <a
                    css={
                      Object {
                        ":hover": Object {
                          "color": "#ffe500",
                        },
                        "color": "#ffffff",
                        "display": "inline-block",
                        "padding": "6px 0",
                      }
                    }
                    href="https://thegulocal.com/help/contact-us"
                  >
                    Contact us
                  </a>
                </li>
                <li
                  css={
                    Object {
                      "listStyle": "none",
                    }
                  }
                >
                  <a
                    css={
                      Object {
                        ":hover": Object {
                          "color": "#ffe500",
                        },
                        "color": "#ffffff",
                        "display": "inline-block",
                        "padding": "6px 0",
                      }
                    }
                    href="https://thegulocal.com/info/complaints-and-corrections"
                  >
                    Complaints & corrections
                  </a>
                </li>
                <li
                  css={
                    Object {
                      "listStyle": "none",
                    }
                  }
                >
                  <a
                    css={
                      Object {
                        ":hover": Object {
                          "color": "#ffe500",
                        },
                        "color": "#ffffff",
                        "display": "inline-block",
                        "padding": "6px 0",
                      }
                    }
                    href="https://securedrop.thegulocal.com"
                  >
                    Secure Drop
                  </a>
                </li>
                <li
                  css={
                    Object {
                      "listStyle": "none",
                    }
                  }
                >
                  <a
                    css={
                      Object {
                        ":hover": Object {
                          "color": "#ffe500",
                        },
                        "color": "#ffffff",
                        "display": "inline-block",
                        "padding": "6px 0",
                      }
                    }
                    href="https://workforus.thegulocal.com"
                  >
                    Work for us
                  </a>
                </li>
                <li
                  css={
                    Object {
                      "listStyle": "none",
                    }
                  }
                >
                  <a
                    css={
                      Object {
                        ":hover": Object {
                          "color": "#ffe500",
                        },
                        "color": "#ffffff",
                        "display": "inline-block",
                        "padding": "6px 0",
                      }
                    }
                    href="https://thegulocal.com/info/privacy"
                  >
                    Privacy policy
                  </a>
                </li>
                <li
                  css={
                    Object {
                      "listStyle": "none",
                    }
                  }
                >
                  <a
                    css={
                      Object {
                        ":hover": Object {
                          "color": "#ffe500",
                        },
                        "color": "#ffffff",
                        "display": "inline-block",
                        "padding": "6px 0",
                      }
                    }
                    href="https://thegulocal.com/info/cookies"
                  >
                    Cookie policy
                  </a>
                </li>
                <li
                  css={
                    Object {
                      "listStyle": "none",
                    }
                  }
                >
                  <a
                    css={
                      Object {
                        ":hover": Object {
                          "color": "#ffe500",
                        },
                        "color": "#ffffff",
                        "display": "inline-block",
                        "padding": "6px 0",
                      }
                    }
                    href="https://www.thegulocal.com/help/terms-of-service"
                  >
                    Terms & conditions
                  </a>
                </li>
                <li
                  css={
                    Object {
                      "listStyle": "none",
                    }
                  }
                >
                  <a
                    css={
                      Object {
                        ":hover": Object {
                          "color": "#ffe500",
                        },
                        "color": "#ffffff",
                        "display": "inline-block",
                        "padding": "6px 0",
                      }
                    }
                    href="https://www.thegulocal.com/help"
                  >
                    Help
                  </a>
                </li>
              </ul>
              <ul
                css={
                  Object {
                    "&:nth-child(even)": Object {
                      "borderLeft": "1px solid rgba(255,255,255,0.3)",
                    },
                    "@media (min-width: 740px)": Object {
                      "&:not(:first-child)": Object {
                        "borderLeft": "1px solid rgba(255,255,255,0.3)",
                      },
                      "flex": "1 0 0",
                      "width": "161px",
                    },
                    "@media (min-width: 980px)": Object {
                      "borderLeft": "1px solid rgba(255,255,255,0.3)",
                    },
                    "lineHeight": "19.2px",
                    "listStyle": "none",
                    "margin": 0,
                    "padding": "0 10px",
                    "position": "relative",
                    "width": "calc(50% - 1.250rem - 1px)",
                  }
                }
              >
                <li
                  css={
                    Object {
                      "listStyle": "none",
                    }
                  }
                >
                  <a
                    css={
                      Object {
                        ":hover": Object {
                          "color": "#ffe500",
                        },
                        "color": "#ffffff",
                        "display": "inline-block",
                        "padding": "6px 0",
                      }
                    }
                    href="https://thegulocal.com/index/subjects/a"
                  >
                    All topics
                  </a>
                </li>
                <li
                  css={
                    Object {
                      "listStyle": "none",
                    }
                  }
                >
                  <a
                    css={
                      Object {
                        ":hover": Object {
                          "color": "#ffe500",
                        },
                        "color": "#ffffff",
                        "display": "inline-block",
                        "padding": "6px 0",
                      }
                    }
                    href="https://thegulocal.com/index/contributors"
                  >
                    All writers
                  </a>
                </li>
                <li
                  css={
                    Object {
                      "listStyle": "none",
                    }
                  }
                >
                  <a
                    css={
                      Object {
                        ":hover": Object {
                          "color": "#ffe500",
                        },
                        "color": "#ffffff",
                        "display": "inline-block",
                        "padding": "6px 0",
                      }
                    }
                    href="https://thegulocal.com/info/2016/jul/27/modern-slavery-and-our-supply-chains?INTCMP=NGW_FOOTER_UK_GU_MODERN_SLAVERY_ACT"
                  >
                    Modern Slavery Act
                  </a>
                </li>
                <li
                  css={
                    Object {
                      "listStyle": "none",
                    }
                  }
                >
                  <a
                    css={
                      Object {
                        ":hover": Object {
                          "color": "#ffe500",
                        },
                        "color": "#ffffff",
                        "display": "inline-block",
                        "padding": "6px 0",
                      }
                    }
                    href="https://theguardian.newspapers.com/"
                  >
                    Digital newspaper archive
                  </a>
                </li>
                <li
                  css={
                    Object {
                      "listStyle": "none",
                    }
                  }
                >
                  <a
                    css={
                      Object {
                        ":hover": Object {
                          "color": "#ffe500",
                        },
                        "color": "#ffffff",
                        "display": "inline-block",
                        "padding": "6px 0",
                      }
                    }
                    href="https://www.facebook.com/theguardian"
                  >
                    Facebook
                  </a>
                </li>
                <li
                  css={
                    Object {
                      "listStyle": "none",
                    }
                  }
                >
                  <a
                    css={
                      Object {
                        ":hover": Object {
                          "color": "#ffe500",
                        },
                        "color": "#ffffff",
                        "display": "inline-block",
                        "padding": "6px 0",
                      }
                    }
                    href="https://twitter.com/guardian"
                  >
                    Twitter
                  </a>
                </li>
              </ul>
              <ul
                css={
                  Object {
                    "&:nth-child(even)": Object {
                      "borderLeft": "1px solid rgba(255,255,255,0.3)",
                    },
                    "@media (min-width: 740px)": Object {
                      "&:not(:first-child)": Object {
                        "borderLeft": "1px solid rgba(255,255,255,0.3)",
                      },
                      "flex": "1 0 0",
                      "width": "161px",
                    },
                    "@media (min-width: 980px)": Object {
                      "borderLeft": "1px solid rgba(255,255,255,0.3)",
                    },
                    "lineHeight": "19.2px",
                    "listStyle": "none",
                    "margin": 0,
                    "padding": "0 10px",
                    "position": "relative",
                    "width": "calc(50% - 1.250rem - 1px)",
                  }
                }
              >
                <li
                  css={
                    Object {
                      "listStyle": "none",
                    }
                  }
                >
                  <a
                    css={
                      Object {
                        ":hover": Object {
                          "color": "#ffe500",
                        },
                        "color": "#ffffff",
                        "display": "inline-block",
                        "padding": "6px 0",
                      }
                    }
                    href="https://advertising.thegulocal.com"
                  >
                    Advertise with us
                  </a>
                </li>
                <li
                  css={
                    Object {
                      "listStyle": "none",
                    }
                  }
                >
                  <a
                    css={
                      Object {
                        ":hover": Object {
                          "color": "#ffe500",
                        },
                        "color": "#ffffff",
                        "display": "inline-block",
                        "padding": "6px 0",
                      }
                    }
                    href="https://thegulocal.com/guardian-labs"
                  >
                    Guardian Labs
                  </a>
                </li>
                <li
                  css={
                    Object {
                      "listStyle": "none",
                    }
                  }
                >
                  <a
                    css={
                      Object {
                        ":hover": Object {
                          "color": "#ffe500",
                        },
                        "color": "#ffffff",
                        "display": "inline-block",
                        "padding": "6px 0",
                      }
                    }
                    href="https://jobs.thegulocal.com/?INTCMP=NGW_FOOTER_UK_GU_JOBS"
                  >
                    Search jobs
                  </a>
                </li>
                <li
                  css={
                    Object {
                      "listStyle": "none",
                    }
                  }
                >
                  <a
                    css={
                      Object {
                        ":hover": Object {
                          "color": "#ffe500",
                        },
                        "color": "#ffffff",
                        "display": "inline-block",
                        "padding": "6px 0",
                      }
                    }
                    href="https://soulmates.thegulocal.com/?INTCMP=NGW_FOOTER_UK_GU_SOULMATES"
                  >
                    Dating
                  </a>
                </li>
                <li
                  css={
                    Object {
                      "listStyle": "none",
                    }
                  }
                >
                  <a
                    css={
                      Object {
                        ":hover": Object {
                          "color": "#ffe500",
                        },
                        "color": "#ffffff",
                        "display": "inline-block",
                        "padding": "6px 0",
                      }
                    }
                    href="https://patrons.thegulocal.com/?INTCMP=footer_patrons"
                  >
                    Patrons
                  </a>
                </li>
                <li
                  css={
                    Object {
                      "listStyle": "none",
                    }
                  }
                >
                  <a
                    css={
                      Object {
                        ":hover": Object {
                          "color": "#ffe500",
                        },
                        "color": "#ffffff",
                        "display": "inline-block",
                        "padding": "6px 0",
                      }
                    }
                    href="https://discountcode.thegulocal.com/uk?INTCMP=guardian_footer"
                  >
                    Discount Codes
                  </a>
                </li>
              </ul>
              <div
                css={
                  Object {
                    "@media (min-width: 660px)": Object {
                      "width": "300px",
                    },
                    "@media (min-width: 740px)": Object {
                      "borderTop": 0,
                    },
                    "borderLeft": "1px solid rgba(255,255,255,0.3)",
                    "borderTop": "1px solid rgba(255,255,255,0.3)",
                    "paddingLeft": "10px",
                    "width": "50%",
                  }
                }
              >
                <div
                  css={
                    Object {
                      "@media (min-width: 660px)": Object {
                        "fontSize": "32px",
                        "lineHeight": "32px",
                      },
                      "color": "#ffe500",
                      "fontFamily": "GH Guardian Headline, \\"GuardianTextEgyptian\\", Georgia, serif",
                      "fontSize": "24px",
                      "fontWeight": "bold",
                      "lineHeight": "24px",
                      "marginBottom": "12px",
                      "marginTop": "3px",
                    }
                  }
                >
                  Support The Guardian
                </div>
                <a
                  css={
                    Object {
                      "display": "inline-block",
                      "marginBottom": "6px",
                      "marginRight": "10px",
                    }
                  }
                  href="https://support.theguardian.com/contribute?INTCMP=footer_support_contribute"
                >
                  <button
                    css={
                      Object {
                        ":active": Object {
                          "outline": "none",
                        },
                        ":hover": Object {
                          "background": "hsl(53.89999999999998, 100%, 45%)",
                          "svg": Object {
                            "transform": "translate(5px, -50%)",
                          },
                        },
                        "@media (max-width: 319px)": Object {
                          "maxWidth": "280px",
                        },
                        "@media (max-width: 424px)": Object {
                          "lineHeight": "16px",
                          "maxWidth": "320px",
                          "whiteSpace": "normal",
                        },
                        "alignItems": "center",
                        "background": "#ffe500",
                        "border": "none",
                        "borderRadius": "1000px",
                        "color": "#121212",
                        "cursor": "pointer",
                        "display": "inline-flex",
                        "fontFamily": "\\"Guardian Text Sans Web\\", \\"Helvetica Neue\\", Helvetica, Arial, \\"Lucida Grande\\", sans-serif",
                        "fontSize": "16px",
                        "fontWeight": "bold",
                        "lineHeight": "36px",
                        "minHeight": "36px",
                        "padding": "1px 40px 0 18px",
                        "position": "relative",
                        "svg": Object {
                          "fill": "currentColor",
                          "height": "34px",
                          "position": "absolute",
                          "right": "0",
                          "top": "50%",
                          "transform": "translate(0, -50%)",
                          "transition": "transform .3s, background .3s",
                          "width": "40px",
                        },
                        "whiteSpace": "nowrap",
                      }
                    }
                    onMouseUp={[Function]}
                  >
                    Contribute
                    <svg
                      viewBox="0 0 30 30"
                    >
                      <path
                        d="M22.8 14.6L15.2 7l-.7.7 5.5 6.6H6v1.5h14l-5.5 6.6.7.7 7.6-7.6v-.9"
                      />
                    </svg>
                  </button>
                </a>
                <a
                  href="https://support.theguardian.com/subscribe?INTCMP=footer_support_subscribe"
                >
                  <button
                    css={
                      Object {
                        ":active": Object {
                          "outline": "none",
                        },
                        ":hover": Object {
                          "background": "hsl(53.89999999999998, 100%, 45%)",
                          "svg": Object {
                            "transform": "translate(5px, -50%)",
                          },
                        },
                        "@media (max-width: 319px)": Object {
                          "maxWidth": "280px",
                        },
                        "@media (max-width: 424px)": Object {
                          "lineHeight": "16px",
                          "maxWidth": "320px",
                          "whiteSpace": "normal",
                        },
                        "alignItems": "center",
                        "background": "#ffe500",
                        "border": "none",
                        "borderRadius": "1000px",
                        "color": "#121212",
                        "cursor": "pointer",
                        "display": "inline-flex",
                        "fontFamily": "\\"Guardian Text Sans Web\\", \\"Helvetica Neue\\", Helvetica, Arial, \\"Lucida Grande\\", sans-serif",
                        "fontSize": "16px",
                        "fontWeight": "bold",
                        "lineHeight": "36px",
                        "minHeight": "36px",
                        "padding": "1px 40px 0 18px",
                        "position": "relative",
                        "svg": Object {
                          "fill": "currentColor",
                          "height": "34px",
                          "position": "absolute",
                          "right": "0",
                          "top": "50%",
                          "transform": "translate(0, -50%)",
                          "transition": "transform .3s, background .3s",
                          "width": "40px",
                        },
                        "whiteSpace": "nowrap",
                      }
                    }
                    onMouseUp={[Function]}
                  >
                    Subscribe
                    <svg
                      viewBox="0 0 30 30"
                    >
                      <path
                        d="M22.8 14.6L15.2 7l-.7.7 5.5 6.6H6v1.5h14l-5.5 6.6.7.7 7.6-7.6v-.9"
                      />
                    </svg>
                  </button>
                </a>
              </div>
            </div>
          </div>
          <div
            css={
              Object {
                "paddingBottom": "24px",
                "paddingLeft": "20px",
                "paddingRight": "20px",
                "position": "relative",
              }
            }
          >
            <a
              css={
                Object {
                  ":hover": Object {
                    "color": "#ffe500",
                  },
                  "backgroundColor": "#052962",
                  "color": "#ffffff",
                  "fontSize": "16px",
                  "fontWeight": "bold",
                  "padding": "0 5px",
                  "position": "absolute",
                  "right": "20px",
                  "transform": "translateY(-50%)",
                }
              }
              href="#top"
            >
              <span
                css={
                  Object {
                    "display": "inline-block",
                    "paddingRight": "5px",
                    "paddingTop": "9px",
                  }
                }
              >
                Back to top
              </span>
              <span
                css={
                  Object {
                    "backgroundColor": "currentColor",
                    "borderRadius": "100%",
                    "float": "right",
                    "height": "42px",
                    "position": "relative",
                    "width": "42px",
                  }
                }
              >
                <span
                  css={
                    Object {
                      "fill": "#052962",
                      "left": "9px",
                      "position": "absolute",
                      "top": "9px",
                    }
                  }
                >
                  <svg
                    height="18"
                    viewBox="0 0 24 18"
                    width="24"
                  >
                    <path
                      d="M.4 15.3l10.5-8.4L12 6l1.1.9 10.5 8.4-.5.7L12 9.7.9 16l-.5-.7z"
                    />
                  </svg>
                </span>
              </span>
            </a>
            <div
              css={
                Object {
                  "@media (min-width: 740px)": Object {
                    "paddingTop": "6px",
                  },
                  "fontSize": "12px",
                  "paddingTop": "26px",
                }
              }
            >
              © 2018 Guardian News and Media Limited or its affiliated companies. All rights reserved.
            </div>
          </div>
        </div>
      </div>
    </div>
  </footer>
</div>
`;
