// Jest Snapshot v1, https://goo.gl/fbAQLP

exports[`Main renders something 1`] = `
.emotion-0 {
  width: 56px;
}

<div
  css={
    Object {
      "alignItems": "stretch",
      "color": "#333333",
      "display": "flex",
      "flexDirection": "column",
      "minHeight": "100vh",
      "width": "100%",
    }
  }
>
  <header
    css={
      Object {
        "backgroundColor": "#e9eff1",
        "borderBottomColor": "rgba(0, 0, 0, 0.14)",
        "borderBottomStyle": "solid",
        "borderBottomWidth": "0.8px",
        "color": "#121212",
        "height": "2.8125rem",
      }
    }
  >
    <div
      css={
        Object {
          "fontSize": "0.875rem",
          "lineHeight": "2.8125rem",
          "margin": "auto",
          "maxWidth": "71.25rem",
          "paddingLeft": "1.25rem",
          "paddingRight": "1.25rem",
        }
      }
    >
      <span />
      <a
        css={
          Object {
            "float": "right",
            "padding": "2px",
          }
        }
        href="https://www.theguardian.com"
      >
        <svg
          className="emotion-0"
          viewBox="0 0 56 56"
          xmlns="http://www.w3.org/2000/svg"
        >
          <path
            d="M28 0a28 28 0 1 0 28 28A28 28 0 0 0 28 0"
            fill="#121212"
          />
          <path
            d="M33 6.92c3.63.58 8.24 3.06 9.89 4.83v8h-1L33 7.82zm-3.34.5h-.09c-6.35 0-9.8 8.8-9.8 20.66 0 11.87 3.45 20.66 9.8 20.66h.09v.91c-9.56.65-22.42-6.63-22.09-21.58C7.23 13.14 20.09 5.86 29.66 6.51zm16.16 22.53l-3 1.3v13.44A24.26 24.26 0 0 1 33 49.52V31l-3.3-1.09V29h16.12z"
            fill="#fff"
          />
        </svg>
      </a>
    </div>
  </header>
  <div
    css={
      Object {
        "flex": "1",
      }
    }
  >
    <main
      css={
        Object {
          "fontFamily": "\\"Guardian Text Egyptian Web\\",Georgia,serif",
          "margin": "auto",
          "maxWidth": "48.75rem",
          "padding": "30px",
        }
      }
    >
      <p>
        hi
      </p>
    </main>
  </div>
  <footer>
    <div
      css={
        Object {
          "backgroundColor": "#e9eff1",
          "color": "#121212",
          "height": "42px",
          "text-align": "right",
        }
      }
    >
      <div
        css={
          Object {
            "lineHeight": "42px",
            "margin": "auto",
            "maxWidth": "71.25rem",
            "paddingRight": "2rem",
          }
        }
      >
        <a
          css={
            Object {
              "color": "#121212",
            }
          }
          href="#top"
        >
          back to top
        </a>
      </div>
    </div>
    <div>
      <div
        css={
          Object {
            "backgroundColor": "#333",
            "color": "#bdbdbd",
            "fontSize": "0.75rem",
            "padding": "0.25rem",
          }
        }
      >
        <div
          css={
            Object {
              "margin": "auto",
              "maxWidth": "71.25rem",
            }
          }
        >
          © 2018 Guardian News and Media Limited or its affiliated companies. All rights reserved.
        </div>
      </div>
    </div>
  </footer>
</div>
`;
